MPLINK 5.09, LINKER
Linker Map File - Created Sat Oct 31 10:48:00 2020

                                 Section Info
                  Section       Type    Address   Location Size(Bytes)
                ---------  ---------  ---------  ---------  ---------
                   .org_0       code   0x000000    program   0x000006
                   .cinit    romdata   0x000006    program   0x000002
                   .org_1       code   0x000008    program   0x000004
                   .org_2       code   0x000018    program   0x000008
                   .org_3       code   0x000200    program   0x000006
.config_300000_BUILD/DEFAULT/PRODUCTION/_EXT/14    romdata   0x300000    program   0x000001
.config_300001_BUILD/DEFAULT/PRODUCTION/_EXT/14    romdata   0x300001    program   0x000001
.config_300002_BUILD/DEFAULT/PRODUCTION/_EXT/14    romdata   0x300002    program   0x000001
.config_300003_BUILD/DEFAULT/PRODUCTION/_EXT/14    romdata   0x300003    program   0x000001



                              Program Memory Usage 
                               Start         End      
                           ---------   ---------      
                            0x000000    0x00000b      
                            0x000018    0x00001f      
                            0x000200    0x000205      
                            0x300000    0x300003      
            30 out of 132120 program addresses used, program memory utilization is 0%



                              Symbols - Sorted by Name
                     Name    Address   Location    Storage File                     
                ---------  ---------  ---------  --------- ---------                
                  Initial   0x00001e    program     static ..\ExamTest.asm          
                 Mainline   0x00001c    program     static ..\ExamTest.asm          
                   String   0x000200    program     static ..\ExamTest.asm          
             _.org_1_0008   0x000008    program     static ..\ExamTest.asm          
             _.org_2_0018   0x000018    program     static ..\ExamTest.asm          



                              Symbols - Sorted by Address
                     Name    Address   Location    Storage File                     
                ---------  ---------  ---------  --------- ---------                
             _.org_1_0008   0x000008    program     static ..\ExamTest.asm          
             _.org_2_0018   0x000018    program     static ..\ExamTest.asm          
                 Mainline   0x00001c    program     static ..\ExamTest.asm          
                  Initial   0x00001e    program     static ..\ExamTest.asm          
                   String   0x000200    program     static ..\ExamTest.asm          


