MPLINK 5.09, LINKER
Linker Map File - Created Wed Oct 28 00:45:29 2020

                                 Section Info
                  Section       Type    Address   Location Size(Bytes)
                ---------  ---------  ---------  ---------  ---------
                   .org_0       code   0x000000    program   0x000004
                   .cinit    romdata   0x000004    program   0x000002
                   .org_1       code   0x000008    program   0x000004
                   .org_2       code   0x000018    program   0x000440
.config_300000_BUILD/DEFAULT/PRODUCTION/_EXT/14    romdata   0x300000    program   0x000001
.config_300001_BUILD/DEFAULT/PRODUCTION/_EXT/14    romdata   0x300001    program   0x000001
.config_300002_BUILD/DEFAULT/PRODUCTION/_EXT/14    romdata   0x300002    program   0x000001
.config_300003_BUILD/DEFAULT/PRODUCTION/_EXT/14    romdata   0x300003    program   0x000001
.config_300005_BUILD/DEFAULT/PRODUCTION/_EXT/14    romdata   0x300005    program   0x000001



                              Program Memory Usage 
                               Start         End      
                           ---------   ---------      
                            0x000000    0x000005      
                            0x000008    0x00000b      
                            0x000018    0x000457      
                            0x300000    0x300003      
                            0x300005    0x300005      
            1103 out of 132120 program addresses used, program memory utilization is 0%



                              Symbols - Sorted by Name
                     Name    Address   Location    Storage File                     
                ---------  ---------  ---------  --------- ---------                
                       A4   0x0003ac    program     static ..\Herrin_Sage_Lab_5.asm 
                   BYTE_1   0x000430    program     static ..\Herrin_Sage_Lab_5.asm 
              CCP1handler   0x000310    program     static ..\Herrin_Sage_Lab_5.asm 
              CCP2handler   0x0002a8    program     static ..\Herrin_Sage_Lab_5.asm 
                 DisplayC   0x0003b2    program     static ..\Herrin_Sage_Lab_5.asm 
                 DisplayV   0x0003ea    program     static ..\Herrin_Sage_Lab_5.asm 
                 HiPriISR   0x000296    program     static ..\Herrin_Sage_Lab_5.asm 
                  InitLCD   0x000368    program     static ..\Herrin_Sage_Lab_5.asm 
                  Initial   0x000022    program     static ..\Herrin_Sage_Lab_5.asm 
                       L1   0x00001e    program     static ..\Herrin_Sage_Lab_5.asm 
                      L10   0x000162    program     static ..\Herrin_Sage_Lab_5.asm 
                      L11   0x0001a4    program     static ..\Herrin_Sage_Lab_5.asm 
                       L2   0x0002f0    program     static ..\Herrin_Sage_Lab_5.asm 
                       L3   0x0002f8    program     static ..\Herrin_Sage_Lab_5.asm 
                       L4   0x000308    program     static ..\Herrin_Sage_Lab_5.asm 
                       L5   0x00031c    program     static ..\Herrin_Sage_Lab_5.asm 
                       L6   0x000300    program     static ..\Herrin_Sage_Lab_5.asm 
                       L7   0x00034e    program     static ..\Herrin_Sage_Lab_5.asm 
                       L8   0x0001de    program     static ..\Herrin_Sage_Lab_5.asm 
                       L9   0x000160    program     static ..\Herrin_Sage_Lab_5.asm 
                    LCDcl   0x00043a    program     static ..\Herrin_Sage_Lab_5.asm 
                     LCDs   0x000448    program     static ..\Herrin_Sage_Lab_5.asm 
                    LCDs2   0x000450    program     static ..\Herrin_Sage_Lab_5.asm 
                   LCDstr   0x000428    program     static ..\Herrin_Sage_Lab_5.asm 
                 LoPriISR   0x0002ea    program     static ..\Herrin_Sage_Lab_5.asm 
                    Loop3   0x00036c    program     static ..\Herrin_Sage_Lab_5.asm 
                    Loop4   0x00037e    program     static ..\Herrin_Sage_Lab_5.asm 
                    Loop5   0x0003bc    program     static ..\Herrin_Sage_Lab_5.asm 
                    Loop6   0x0003ec    program     static ..\Herrin_Sage_Lab_5.asm 
                 Mainline   0x00001c    program     static ..\Herrin_Sage_Lab_5.asm 
                       Q2   0x000296    program     static ..\Herrin_Sage_Lab_5.asm 
                       Q3   0x00029e    program     static ..\Herrin_Sage_Lab_5.asm 
                       Q4   0x0002a6    program     static ..\Herrin_Sage_Lab_5.asm 
                       Q5   0x0002b4    program     static ..\Herrin_Sage_Lab_5.asm 
                       Q7   0x0002e6    program     static ..\Herrin_Sage_Lab_5.asm 
                      RPG   0x00014c    program     static ..\Herrin_Sage_Lab_5.asm 
                      T50   0x0003a8    program     static ..\Herrin_Sage_Lab_5.asm 
              TMR1handler   0x000352    program     static ..\Herrin_Sage_Lab_5.asm 
                 Wait10ms   0x000418    program     static ..\Herrin_Sage_Lab_5.asm 
                   Wait1s   0x000358    program     static ..\Herrin_Sage_Lab_5.asm 
                       Z1   0x0002d8    program     static ..\Herrin_Sage_Lab_5.asm 
           alivelowtohigh   0x0002cc    program     static ..\Herrin_Sage_Lab_5.asm 
                       c1   0x000340    program     static ..\Herrin_Sage_Lab_5.asm 
                  dechigh   0x000268    program     static ..\Herrin_Sage_Lab_5.asm 
                    dectp   0x00021c    program     static ..\Herrin_Sage_Lab_5.asm 
                  highcap   0x000254    program     static ..\Herrin_Sage_Lab_5.asm 
                highorlow   0x00027c    program     static ..\Herrin_Sage_Lab_5.asm 
                    inctp   0x0001e4    program     static ..\Herrin_Sage_Lab_5.asm 
                lowtohigh   0x000334    program     static ..\Herrin_Sage_Lab_5.asm 



                              Symbols - Sorted by Address
                     Name    Address   Location    Storage File                     
                ---------  ---------  ---------  --------- ---------                
                 Mainline   0x00001c    program     static ..\Herrin_Sage_Lab_5.asm 
                       L1   0x00001e    program     static ..\Herrin_Sage_Lab_5.asm 
                  Initial   0x000022    program     static ..\Herrin_Sage_Lab_5.asm 
                      RPG   0x00014c    program     static ..\Herrin_Sage_Lab_5.asm 
                       L9   0x000160    program     static ..\Herrin_Sage_Lab_5.asm 
                      L10   0x000162    program     static ..\Herrin_Sage_Lab_5.asm 
                      L11   0x0001a4    program     static ..\Herrin_Sage_Lab_5.asm 
                       L8   0x0001de    program     static ..\Herrin_Sage_Lab_5.asm 
                    inctp   0x0001e4    program     static ..\Herrin_Sage_Lab_5.asm 
                    dectp   0x00021c    program     static ..\Herrin_Sage_Lab_5.asm 
                  highcap   0x000254    program     static ..\Herrin_Sage_Lab_5.asm 
                  dechigh   0x000268    program     static ..\Herrin_Sage_Lab_5.asm 
                highorlow   0x00027c    program     static ..\Herrin_Sage_Lab_5.asm 
                 HiPriISR   0x000296    program     static ..\Herrin_Sage_Lab_5.asm 
                       Q2   0x000296    program     static ..\Herrin_Sage_Lab_5.asm 
                       Q3   0x00029e    program     static ..\Herrin_Sage_Lab_5.asm 
                       Q4   0x0002a6    program     static ..\Herrin_Sage_Lab_5.asm 
              CCP2handler   0x0002a8    program     static ..\Herrin_Sage_Lab_5.asm 
                       Q5   0x0002b4    program     static ..\Herrin_Sage_Lab_5.asm 
           alivelowtohigh   0x0002cc    program     static ..\Herrin_Sage_Lab_5.asm 
                       Z1   0x0002d8    program     static ..\Herrin_Sage_Lab_5.asm 
                       Q7   0x0002e6    program     static ..\Herrin_Sage_Lab_5.asm 
                 LoPriISR   0x0002ea    program     static ..\Herrin_Sage_Lab_5.asm 
                       L2   0x0002f0    program     static ..\Herrin_Sage_Lab_5.asm 
                       L3   0x0002f8    program     static ..\Herrin_Sage_Lab_5.asm 
                       L6   0x000300    program     static ..\Herrin_Sage_Lab_5.asm 
                       L4   0x000308    program     static ..\Herrin_Sage_Lab_5.asm 
              CCP1handler   0x000310    program     static ..\Herrin_Sage_Lab_5.asm 
                       L5   0x00031c    program     static ..\Herrin_Sage_Lab_5.asm 
                lowtohigh   0x000334    program     static ..\Herrin_Sage_Lab_5.asm 
                       c1   0x000340    program     static ..\Herrin_Sage_Lab_5.asm 
                       L7   0x00034e    program     static ..\Herrin_Sage_Lab_5.asm 
              TMR1handler   0x000352    program     static ..\Herrin_Sage_Lab_5.asm 
                   Wait1s   0x000358    program     static ..\Herrin_Sage_Lab_5.asm 
                  InitLCD   0x000368    program     static ..\Herrin_Sage_Lab_5.asm 
                    Loop3   0x00036c    program     static ..\Herrin_Sage_Lab_5.asm 
                    Loop4   0x00037e    program     static ..\Herrin_Sage_Lab_5.asm 
                      T50   0x0003a8    program     static ..\Herrin_Sage_Lab_5.asm 
                       A4   0x0003ac    program     static ..\Herrin_Sage_Lab_5.asm 
                 DisplayC   0x0003b2    program     static ..\Herrin_Sage_Lab_5.asm 
                    Loop5   0x0003bc    program     static ..\Herrin_Sage_Lab_5.asm 
                 DisplayV   0x0003ea    program     static ..\Herrin_Sage_Lab_5.asm 
                    Loop6   0x0003ec    program     static ..\Herrin_Sage_Lab_5.asm 
                 Wait10ms   0x000418    program     static ..\Herrin_Sage_Lab_5.asm 
                   LCDstr   0x000428    program     static ..\Herrin_Sage_Lab_5.asm 
                   BYTE_1   0x000430    program     static ..\Herrin_Sage_Lab_5.asm 
                    LCDcl   0x00043a    program     static ..\Herrin_Sage_Lab_5.asm 
                     LCDs   0x000448    program     static ..\Herrin_Sage_Lab_5.asm 
                    LCDs2   0x000450    program     static ..\Herrin_Sage_Lab_5.asm 


