MPLINK 5.09, LINKER
Linker Map File - Created Mon Oct 12 00:03:14 2020

                                 Section Info
                  Section       Type    Address   Location Size(Bytes)
                ---------  ---------  ---------  ---------  ---------
                   .org_0       code   0x000000    program   0x000006
                   .cinit    romdata   0x000006    program   0x000002
                   .org_1       code   0x000008    program   0x000004
                   .org_2       code   0x000018    program   0x000076
.config_300000_BUILD/DEFAULT/PRODUCTION/_EXT/14    romdata   0x300000    program   0x000001
.config_300001_BUILD/DEFAULT/PRODUCTION/_EXT/14    romdata   0x300001    program   0x000001
.config_300002_BUILD/DEFAULT/PRODUCTION/_EXT/14    romdata   0x300002    program   0x000001
.config_300003_BUILD/DEFAULT/PRODUCTION/_EXT/14    romdata   0x300003    program   0x000001



                              Program Memory Usage 
                               Start         End      
                           ---------   ---------      
                            0x000000    0x00000b      
                            0x000018    0x00008d      
                            0x300000    0x300003      
            134 out of 132120 program addresses used, program memory utilization is 0%



                              Symbols - Sorted by Name
                     Name    Address   Location    Storage File                     
                ---------  ---------  ---------  --------- ---------                
                  Initial   0x000022    program     static ..\Herrin_Sage_Lab_4.asm 
                     Loop   0x00001e    program     static ..\Herrin_Sage_Lab_4.asm 
                 Mainline   0x00001c    program     static ..\Herrin_Sage_Lab_4.asm 
                   Wait1s   0x00006c    program     static ..\Herrin_Sage_Lab_4.asm 
                Wait250ms   0x00007c    program     static ..\Herrin_Sage_Lab_4.asm 
             _.org_1_0008   0x000008    program     static ..\Herrin_Sage_Lab_4.asm 
             _.org_2_0018   0x000018    program     static ..\Herrin_Sage_Lab_4.asm 



                              Symbols - Sorted by Address
                     Name    Address   Location    Storage File                     
                ---------  ---------  ---------  --------- ---------                
             _.org_1_0008   0x000008    program     static ..\Herrin_Sage_Lab_4.asm 
             _.org_2_0018   0x000018    program     static ..\Herrin_Sage_Lab_4.asm 
                 Mainline   0x00001c    program     static ..\Herrin_Sage_Lab_4.asm 
                     Loop   0x00001e    program     static ..\Herrin_Sage_Lab_4.asm 
                  Initial   0x000022    program     static ..\Herrin_Sage_Lab_4.asm 
                   Wait1s   0x00006c    program     static ..\Herrin_Sage_Lab_4.asm 
                Wait250ms   0x00007c    program     static ..\Herrin_Sage_Lab_4.asm 


