MPLINK 5.09, LINKER
Linker Map File - Created Mon Sep 28 21:58:40 2020

                                 Section Info
                  Section       Type    Address   Location Size(Bytes)
                ---------  ---------  ---------  ---------  ---------
                   .org_0       code   0x000000    program   0x000006
                   .cinit    romdata   0x000006    program   0x000002
                   .org_1       code   0x000008    program   0x000004
                   .org_2       code   0x000018    program   0x000022
.config_300000_BUILD/DEFAULT/PRODUCTION/LAB1ASM    romdata   0x300000    program   0x000001
.config_300001_BUILD/DEFAULT/PRODUCTION/LAB1ASM    romdata   0x300001    program   0x000001
.config_300002_BUILD/DEFAULT/PRODUCTION/LAB1ASM    romdata   0x300002    program   0x000001
.config_300003_BUILD/DEFAULT/PRODUCTION/LAB1ASM    romdata   0x300003    program   0x000001
.config_300005_BUILD/DEFAULT/PRODUCTION/LAB1ASM    romdata   0x300005    program   0x000001



                              Program Memory Usage 
                               Start         End      
                           ---------   ---------      
                            0x000000    0x00000b      
                            0x000018    0x000039      
                            0x300000    0x300003      
                            0x300005    0x300005      
            51 out of 132120 program addresses used, program memory utilization is 0%



                              Symbols - Sorted by Name
                     Name    Address   Location    Storage File                     
                ---------  ---------  ---------  --------- ---------                
                     END1   0x00002a    program     static C:\Users\sageh\Documents\5067\Lab 1\Lab1.X\lab1asmprg.asm
                  Initial   0x00002c    program     static C:\Users\sageh\Documents\5067\Lab 1\Lab1.X\lab1asmprg.asm
                     Loop   0x00001e    program     static C:\Users\sageh\Documents\5067\Lab 1\Lab1.X\lab1asmprg.asm
                 Mainline   0x00001c    program     static C:\Users\sageh\Documents\5067\Lab 1\Lab1.X\lab1asmprg.asm
                   SWT_ON   0x000028    program     static C:\Users\sageh\Documents\5067\Lab 1\Lab1.X\lab1asmprg.asm
             _.org_1_0008   0x000008    program     static C:\Users\sageh\Documents\5067\Lab 1\Lab1.X\lab1asmprg.asm
             _.org_2_0018   0x000018    program     static C:\Users\sageh\Documents\5067\Lab 1\Lab1.X\lab1asmprg.asm



                              Symbols - Sorted by Address
                     Name    Address   Location    Storage File                     
                ---------  ---------  ---------  --------- ---------                
             _.org_1_0008   0x000008    program     static C:\Users\sageh\Documents\5067\Lab 1\Lab1.X\lab1asmprg.asm
             _.org_2_0018   0x000018    program     static C:\Users\sageh\Documents\5067\Lab 1\Lab1.X\lab1asmprg.asm
                 Mainline   0x00001c    program     static C:\Users\sageh\Documents\5067\Lab 1\Lab1.X\lab1asmprg.asm
                     Loop   0x00001e    program     static C:\Users\sageh\Documents\5067\Lab 1\Lab1.X\lab1asmprg.asm
                   SWT_ON   0x000028    program     static C:\Users\sageh\Documents\5067\Lab 1\Lab1.X\lab1asmprg.asm
                     END1   0x00002a    program     static C:\Users\sageh\Documents\5067\Lab 1\Lab1.X\lab1asmprg.asm
                  Initial   0x00002c    program     static C:\Users\sageh\Documents\5067\Lab 1\Lab1.X\lab1asmprg.asm


