MPLINK 5.09, LINKER
Linker Map File - Created Sun Oct 11 21:29:02 2020

                                 Section Info
                  Section       Type    Address   Location Size(Bytes)
                ---------  ---------  ---------  ---------  ---------
                   .org_0       code   0x000000    program   0x000000
                   .org_1       code   0x000000    program   0x000006
                   .org_2       code   0x000008    program   0x000004
                   .org_3       code   0x000018    program   0x0000a0
.config_300000_HERRIN_SAGE_LAB_3.O    romdata   0x300000    program   0x000001
.config_300001_HERRIN_SAGE_LAB_3.O    romdata   0x300001    program   0x000001
.config_300002_HERRIN_SAGE_LAB_3.O    romdata   0x300002    program   0x000001
.config_300003_HERRIN_SAGE_LAB_3.O    romdata   0x300003    program   0x000001
.config_300004_HERRIN_SAGE_LAB_3.O    romdata   0x300004    program   0x000001
.config_300005_HERRIN_SAGE_LAB_3.O    romdata   0x300005    program   0x000001
.config_300006_HERRIN_SAGE_LAB_3.O    romdata   0x300006    program   0x000001
.config_300008_HERRIN_SAGE_LAB_3.O    romdata   0x300008    program   0x000001
.config_300009_HERRIN_SAGE_LAB_3.O    romdata   0x300009    program   0x000001
.config_30000A_HERRIN_SAGE_LAB_3.O    romdata   0x30000a    program   0x000001
.config_30000B_HERRIN_SAGE_LAB_3.O    romdata   0x30000b    program   0x000001
.config_30000C_HERRIN_SAGE_LAB_3.O    romdata   0x30000c    program   0x000001
.config_30000D_HERRIN_SAGE_LAB_3.O    romdata   0x30000d    program   0x000001



                              Program Memory Usage 
                               Start         End      
                           ---------   ---------      
                            0x000000    0x000005      
                            0x000008    0x00000b      
                            0x000018    0x0000b7      
                            0x300000    0x300006      
                            0x300008    0x30000d      
            183 out of 132120 program addresses used, program memory utilization is 0%



                              Symbols - Sorted by Name
                     Name    Address   Location    Storage File                     
                ---------  ---------  ---------  --------- ---------                
                Check_RPG   0x00009e    program     static C:\Users\sageh\Documents\5067\Lab 3\Herrin_Sage_Lab_3.asm
                Check_SW1   0x000086    program     static C:\Users\sageh\Documents\5067\Lab 3\Herrin_Sage_Lab_3.asm
                 Debounce   0x0000aa    program     static C:\Users\sageh\Documents\5067\Lab 3\Herrin_Sage_Lab_3.asm
                  Initial   0x000024    program     static C:\Users\sageh\Documents\5067\Lab 3\Herrin_Sage_Lab_3.asm
                     Loop   0x00001e    program     static C:\Users\sageh\Documents\5067\Lab 3\Herrin_Sage_Lab_3.asm
                 Mainline   0x00001c    program     static C:\Users\sageh\Documents\5067\Lab 3\Herrin_Sage_Lab_3.asm
                  Wait1ms   0x000064    program     static C:\Users\sageh\Documents\5067\Lab 3\Herrin_Sage_Lab_3.asm
                 Wait1sec   0x000072    program     static C:\Users\sageh\Documents\5067\Lab 3\Herrin_Sage_Lab_3.asm
                       ds   0x000092    program     static C:\Users\sageh\Documents\5067\Lab 3\Herrin_Sage_Lab_3.asm
                    loop1   0x000068    program     static C:\Users\sageh\Documents\5067\Lab 3\Herrin_Sage_Lab_3.asm
                    loop2   0x000064    program     static C:\Users\sageh\Documents\5067\Lab 3\Herrin_Sage_Lab_3.asm
                    loop3   0x000076    program     static C:\Users\sageh\Documents\5067\Lab 3\Herrin_Sage_Lab_3.asm
                    loop4   0x0000aa    program     static C:\Users\sageh\Documents\5067\Lab 3\Herrin_Sage_Lab_3.asm
                    loop5   0x000072    program     static C:\Users\sageh\Documents\5067\Lab 3\Herrin_Sage_Lab_3.asm
                    onoff   0x0000b2    program     static C:\Users\sageh\Documents\5067\Lab 3\Herrin_Sage_Lab_3.asm



                              Symbols - Sorted by Address
                     Name    Address   Location    Storage File                     
                ---------  ---------  ---------  --------- ---------                
                 Mainline   0x00001c    program     static C:\Users\sageh\Documents\5067\Lab 3\Herrin_Sage_Lab_3.asm
                     Loop   0x00001e    program     static C:\Users\sageh\Documents\5067\Lab 3\Herrin_Sage_Lab_3.asm
                  Initial   0x000024    program     static C:\Users\sageh\Documents\5067\Lab 3\Herrin_Sage_Lab_3.asm
                  Wait1ms   0x000064    program     static C:\Users\sageh\Documents\5067\Lab 3\Herrin_Sage_Lab_3.asm
                    loop2   0x000064    program     static C:\Users\sageh\Documents\5067\Lab 3\Herrin_Sage_Lab_3.asm
                    loop1   0x000068    program     static C:\Users\sageh\Documents\5067\Lab 3\Herrin_Sage_Lab_3.asm
                 Wait1sec   0x000072    program     static C:\Users\sageh\Documents\5067\Lab 3\Herrin_Sage_Lab_3.asm
                    loop5   0x000072    program     static C:\Users\sageh\Documents\5067\Lab 3\Herrin_Sage_Lab_3.asm
                    loop3   0x000076    program     static C:\Users\sageh\Documents\5067\Lab 3\Herrin_Sage_Lab_3.asm
                Check_SW1   0x000086    program     static C:\Users\sageh\Documents\5067\Lab 3\Herrin_Sage_Lab_3.asm
                       ds   0x000092    program     static C:\Users\sageh\Documents\5067\Lab 3\Herrin_Sage_Lab_3.asm
                Check_RPG   0x00009e    program     static C:\Users\sageh\Documents\5067\Lab 3\Herrin_Sage_Lab_3.asm
                 Debounce   0x0000aa    program     static C:\Users\sageh\Documents\5067\Lab 3\Herrin_Sage_Lab_3.asm
                    loop4   0x0000aa    program     static C:\Users\sageh\Documents\5067\Lab 3\Herrin_Sage_Lab_3.asm
                    onoff   0x0000b2    program     static C:\Users\sageh\Documents\5067\Lab 3\Herrin_Sage_Lab_3.asm


