MPLINK 5.09, LINKER
Linker Map File - Created Tue Sep 15 23:45:40 2020

                                 Section Info
                  Section       Type    Address   Location Size(Bytes)
                ---------  ---------  ---------  ---------  ---------
                   .org_0       code   0x000000    program   0x000000
                   .org_1       code   0x000000    program   0x000006
                   .org_2       code   0x000008    program   0x000004
                   .org_3       code   0x000018    program   0x000028
.config_300000_LAB2_HERRIN.O    romdata   0x300000    program   0x000001
.config_300001_LAB2_HERRIN.O    romdata   0x300001    program   0x000001
.config_300002_LAB2_HERRIN.O    romdata   0x300002    program   0x000001
.config_300003_LAB2_HERRIN.O    romdata   0x300003    program   0x000001
.config_300004_LAB2_HERRIN.O    romdata   0x300004    program   0x000001
.config_300005_LAB2_HERRIN.O    romdata   0x300005    program   0x000001
.config_300006_LAB2_HERRIN.O    romdata   0x300006    program   0x000001
.config_300008_LAB2_HERRIN.O    romdata   0x300008    program   0x000001
.config_300009_LAB2_HERRIN.O    romdata   0x300009    program   0x000001
.config_30000A_LAB2_HERRIN.O    romdata   0x30000a    program   0x000001
.config_30000B_LAB2_HERRIN.O    romdata   0x30000b    program   0x000001
.config_30000C_LAB2_HERRIN.O    romdata   0x30000c    program   0x000001
.config_30000D_LAB2_HERRIN.O    romdata   0x30000d    program   0x000001



                              Program Memory Usage 
                               Start         End      
                           ---------   ---------      
                            0x000000    0x000005      
                            0x000008    0x00000b      
                            0x000018    0x00003f      
                            0x300000    0x300006      
                            0x300008    0x30000d      
            63 out of 132120 program addresses used, program memory utilization is 0%



                              Symbols - Sorted by Name
                     Name    Address   Location    Storage File                     
                ---------  ---------  ---------  --------- ---------                
                  Initial   0x00002a    program     static C:\Users\sageh\OneDrive\Documents\5067\Lab 2\Lab2.X\Lab2_Herrin.asm
                     Loop   0x00001e    program     static C:\Users\sageh\OneDrive\Documents\5067\Lab 2\Lab2.X\Lab2_Herrin.asm
                 Mainline   0x00001c    program     static C:\Users\sageh\OneDrive\Documents\5067\Lab 2\Lab2.X\Lab2_Herrin.asm



                              Symbols - Sorted by Address
                     Name    Address   Location    Storage File                     
                ---------  ---------  ---------  --------- ---------                
                 Mainline   0x00001c    program     static C:\Users\sageh\OneDrive\Documents\5067\Lab 2\Lab2.X\Lab2_Herrin.asm
                     Loop   0x00001e    program     static C:\Users\sageh\OneDrive\Documents\5067\Lab 2\Lab2.X\Lab2_Herrin.asm
                  Initial   0x00002a    program     static C:\Users\sageh\OneDrive\Documents\5067\Lab 2\Lab2.X\Lab2_Herrin.asm


