MPLINK 5.09, LINKER
Linker Map File - Created Tue Oct 27 12:40:30 2020

                                 Section Info
                  Section       Type    Address   Location Size(Bytes)
                ---------  ---------  ---------  ---------  ---------
                   .org_0       code   0x000000    program   0x000004
                   .cinit    romdata   0x000004    program   0x000002
                   .org_1       code   0x000008    program   0x000004
                   .org_2       code   0x000018    program   0x0000ae
.config_300000_BUILD/DEFAULT/PRODUCTION/_EXT/14    romdata   0x300000    program   0x000001
.config_300001_BUILD/DEFAULT/PRODUCTION/_EXT/14    romdata   0x300001    program   0x000001
.config_300002_BUILD/DEFAULT/PRODUCTION/_EXT/14    romdata   0x300002    program   0x000001
.config_300003_BUILD/DEFAULT/PRODUCTION/_EXT/14    romdata   0x300003    program   0x000001
.config_300005_BUILD/DEFAULT/PRODUCTION/_EXT/14    romdata   0x300005    program   0x000001



                              Program Memory Usage 
                               Start         End      
                           ---------   ---------      
                            0x000000    0x000005      
                            0x000008    0x00000b      
                            0x000018    0x0000c5      
                            0x300000    0x300003      
                            0x300005    0x300005      
            189 out of 132120 program addresses used, program memory utilization is 0%



                              Symbols - Sorted by Name
                     Name    Address   Location    Storage File                     
                ---------  ---------  ---------  --------- ---------                
              CCP1handler   0x00009c    program     static ..\lab5_orig.asm         
                 HiPriISR   0x00007c    program     static ..\lab5_orig.asm         
                  Initial   0x000020    program     static ..\lab5_orig.asm         
                       L1   0x00001e    program     static ..\lab5_orig.asm         
                      L10   0x00006a    program     static ..\lab5_orig.asm         
                      L11   0x000074    program     static ..\lab5_orig.asm         
                       L2   0x000084    program     static ..\lab5_orig.asm         
                       L3   0x00008c    program     static ..\lab5_orig.asm         
                       L4   0x000094    program     static ..\lab5_orig.asm         
                       L5   0x0000a8    program     static ..\lab5_orig.asm         
                       L7   0x0000bc    program     static ..\lab5_orig.asm         
                       L8   0x000076    program     static ..\lab5_orig.asm         
                       L9   0x000068    program     static ..\lab5_orig.asm         
                 LoPriISR   0x00007e    program     static ..\lab5_orig.asm         
                 Mainline   0x00001c    program     static ..\lab5_orig.asm         
                      RPG   0x000054    program     static ..\lab5_orig.asm         
              TMR1handler   0x0000c0    program     static ..\lab5_orig.asm         



                              Symbols - Sorted by Address
                     Name    Address   Location    Storage File                     
                ---------  ---------  ---------  --------- ---------                
                 Mainline   0x00001c    program     static ..\lab5_orig.asm         
                       L1   0x00001e    program     static ..\lab5_orig.asm         
                  Initial   0x000020    program     static ..\lab5_orig.asm         
                      RPG   0x000054    program     static ..\lab5_orig.asm         
                       L9   0x000068    program     static ..\lab5_orig.asm         
                      L10   0x00006a    program     static ..\lab5_orig.asm         
                      L11   0x000074    program     static ..\lab5_orig.asm         
                       L8   0x000076    program     static ..\lab5_orig.asm         
                 HiPriISR   0x00007c    program     static ..\lab5_orig.asm         
                 LoPriISR   0x00007e    program     static ..\lab5_orig.asm         
                       L2   0x000084    program     static ..\lab5_orig.asm         
                       L3   0x00008c    program     static ..\lab5_orig.asm         
                       L4   0x000094    program     static ..\lab5_orig.asm         
              CCP1handler   0x00009c    program     static ..\lab5_orig.asm         
                       L5   0x0000a8    program     static ..\lab5_orig.asm         
                       L7   0x0000bc    program     static ..\lab5_orig.asm         
              TMR1handler   0x0000c0    program     static ..\lab5_orig.asm         


