Microchip MPLAB XC8 Compiler V2.05 ()

Linker command line:

-W-3 --edf=C:\Program Files (x86)\Microchip\xc8\v2.05\pic\dat\en_msgs.txt \
  -cs -h+dist/default/production\Herrin_Sage_Lab6.X.production.sym \
  --cmf=dist/default/production\Herrin_Sage_Lab6.X.production.cmf -z \
  -Q18F87K22 -oC:\Users\sageh\AppData\Local\Temp\spus.2 \
  --defsym=__MPLAB_BUILD=1 \
  -Mdist/default/production/Herrin_Sage_Lab6.X.production.map -E1 -ver=XC8 \
  --acfsm=1493 -ASTACK=060h-0F15h -pstack=STACK -ACODE=00h-01FFFFh \
  -ACONST=00h-01FFFFh -ASMALLCONST=01000h-010FFhx496 \
  -AMEDIUMCONST=01000h-0FFFFh,011000h-01FFFFh -ACOMRAM=01h-05Fh \
  -AABS1=00h-0F15h -ABIGRAM=01h-0F15h \
  -ARAM=060h-0FFh,0100h-01FFhx14,0F00h-0F15h -ABANK0=060h-0FFh \
  -ABANK1=0100h-01FFh -ABANK2=0200h-02FFh -ABANK3=0300h-03FFh \
  -ABANK4=0400h-04FFh -ABANK5=0500h-05FFh -ABANK6=0600h-06FFh \
  -ABANK7=0700h-07FFh -ABANK8=0800h-08FFh -ABANK9=0900h-09FFh \
  -ABANK10=0A00h-0AFFh -ABANK11=0B00h-0BFFh -ABANK12=0C00h-0CFFh \
  -ABANK13=0D00h-0DFFh -ABANK14=0E00h-0EFFh -ABANK15=0F00h-0F15h \
  -ASFR=0F16h-0F5Fh,0F60h-0FFFh \
  -preset_vec=00h,intcode=08h,intcodelo=018h,powerup,init -pramtop=01000h \
  -psmallconst=SMALLCONST -pmediumconst=MEDIUMCONST -pconst=CONST \
  -AFARRAM=00h-00h -ACONFIG=0300000h-030000Dh -pconfig=CONFIG \
  -AIDLOC=0200000h-0200007h -pidloc=IDLOC -AEEDATA=0F00000h-0F003FFh \
  -peeprom_data=EEDATA \
  -prdata=COMRAM,nvrram=COMRAM,nvbit=COMRAM,rbss=COMRAM,rbit=COMRAM \
  -pfarbss=FARRAM,fardata=FARRAM,nvFARRAM=FARRAM \
  -pintsave_regs=BIGRAM,bigbss=BIGRAM,bigdata=BIGRAM -pbss=RAM \
  -pidata=CODE,irdata=CODE,ibigdata=CODE,ifardata=CODE -prparam=COMRAM \
  C:\Users\sageh\AppData\Local\Temp\spus.o \
  dist/default/production\Herrin_Sage_Lab6.X.production.o 

Object code version is 3.11

Machine type is 18F87K22

Call graph: (short form)




                Name                               Link     Load   Length Selector   Space Scale
C:\Users\sageh\AppData\Local\Temp\spus.o
                init                                 40       40        4        C       0
                reset_vec                             0        0        4        0       0
                idloc                            200000   200000        8   200000       0
                config                           300000   300000        E   300000       0
dist/default/production\Herrin_Sage_Lab6.X.production.o
                intcodelo                            18       18       28        C       0
                intcode                               8        8        6        4       0
                temp                                 1D       1D        1        1       1
                smallconst                         1000     1000       14      800       0
                intcode_body                       1276     1276        4      80A       0
                text7                              11CA     11CA       38      80A       0
                text5                              10AC     10AC       90      80A       0
                text4                              1202     1202       36      80A       0
                text3                              1238     1238       22      80A       0
                text2                              1014     1014       98      80A       0
                text1                              113C     113C       8E      80A       0
                text0                              1270     1270        6      80A       0
                cstackCOMRAM                          1        1       1A        1       1
                bssCOMRAM                            1B       1B        2        1       1
                cinit                              125A     125A       16      80A       0

TOTAL           Name                               Link     Load   Length     Space
        CLASS   STACK          

        CLASS   CODE           
                intcodelo                            18       18       28         0
                intcode                               8        8        6         0
                init                                 40       40        4         0
                reset_vec                             0        0        4         0
                intcode_body                       1276     1276        4         0
                text7                              11CA     11CA       38         0
                text5                              10AC     10AC       90         0
                text4                              1202     1202       36         0
                text3                              1238     1238       22         0
                text2                              1014     1014       98         0
                text1                              113C     113C       8E         0
                text0                              1270     1270        6         0
                cinit                              125A     125A       16         0

        CLASS   CONST          

        CLASS   SMALLCONST     
                smallconst                         1000     1000       14         0

        CLASS   MEDIUMCONST    

        CLASS   COMRAM         
                temp                                 1D       1D        1         1
                cstackCOMRAM                          1        1       1A         1
                bssCOMRAM                            1B       1B        2         1

        CLASS   ABS1           

        CLASS   BIGRAM         

        CLASS   RAM            

        CLASS   BANK0          

        CLASS   BANK1          

        CLASS   BANK2          

        CLASS   BANK3          

        CLASS   BANK4          

        CLASS   BANK5          

        CLASS   BANK6          

        CLASS   BANK7          

        CLASS   BANK8          

        CLASS   BANK9          

        CLASS   BANK10         

        CLASS   BANK11         

        CLASS   BANK12         

        CLASS   BANK13         

        CLASS   BANK14         

        CLASS   BANK15         

        CLASS   SFR            

        CLASS   FARRAM         

        CLASS   CONFIG         
                config                           300000   300000        E         0

        CLASS   IDLOC          
                idloc                            200000   200000        8         0

        CLASS   EEDATA         



SEGMENTS        Name                           Load    Length   Top    Selector   Space  Class

                reset_vec                      000000  000004  000004         0       0  CODE    
                cstackCOMRAM                   000001  00001D  00001E         1       1  COMRAM  
                intcode                        000008  000006  00000E         4       0  CODE    
                intcodelo                      000018  00002C  000044         C       0  CODE    
                smallconst                     001000  000014  001014       800       0  SMALLCON
                text2                          001014  000266  00127A       80A       0  CODE    
                idloc                          200000  000008  200008    200000       0  IDLOC   
                config                         300000  00000E  30000E    300000       0  CONFIG  


UNUSED ADDRESS RANGES

        Name                Unused          Largest block    Delta
        BANK0            000060-0000FF               A0
        BANK1            000100-0001FF              100
        BANK10           000A00-000AFF              100
        BANK11           000B00-000BFF              100
        BANK12           000C00-000CFF              100
        BANK13           000D00-000DFF              100
        BANK14           000E00-000EFF              100
        BANK15           000F00-000F15               16
        BANK2            000200-0002FF              100
        BANK3            000300-0003FF              100
        BANK4            000400-0004FF              100
        BANK5            000500-0005FF              100
        BANK6            000600-0006FF              100
        BANK7            000700-0007FF              100
        BANK8            000800-0008FF              100
        BANK9            000900-0009FF              100
        BIGRAM           00001E-000F15              EF8
        CODE             000004-000007                4
                         00000E-000017                A
                         000044-000FFF              FBC
                         00127A-01FFFF            1ED86
        COMRAM           00001E-00005F               42
        CONST            000004-000007                4
                         00000E-000017                A
                         000044-000FFF              FBC
                         00127A-01FFFF            1ED86
        EEDATA           F00000-F003FF              400
        MEDIUMCONST      00127A-00FFFF             ED86
                         011000-01FFFF             F000
        RAM              000060-000F15              100
        SFR              000F16-000FFF               4A
        SMALLCONST       00127A-01FFFF              100
        STACK            000060-000F15              EB6

                                  Symbol Table

DisplayC@LCDStr          cstackCOMRAM 00000D
DisplayC@temp            cstackCOMRAM 00000F
DisplayV@LCDStr          cstackCOMRAM 000005
DisplayV@count           cstackCOMRAM 000008
DisplayV@nibble          cstackCOMRAM 000007
InitLCD@count            cstackCOMRAM 000006
InitLCD@nibble           cstackCOMRAM 000007
_ADCON0bits              (abs)        000FC2
_ADCON1bits              (abs)        000FC1
_ADCON2bits              (abs)        000FC0
_ANCON0                  (abs)        000F25
_ANCON1                  (abs)        000F24
_ANCON2                  (abs)        000F23
_Alive_count             bssCOMRAM    00001B
_BSR                     (abs)        000FE0
_CCP1CON                 (abs)        000FBB
_CCPTMRS0                (abs)        000F2D
_DisplayC                text3        001238
_DisplayV                text5        0010AC
_HiPriISR                intcode      000008
_INTCON2bits             (abs)        000FF1
_INTCONbits              (abs)        000FF2
_IPR1bits                (abs)        000F9F
_IPR3bits                (abs)        000FA5
_InitLCD                 text2        001014
_Initial                 text1        00113C
_LATB                    (abs)        000F8A
_LATBbits                (abs)        000F8A
_LATC                    (abs)        000F8B
_LATD                    (abs)        000F8C
_LATDbits                (abs)        000F8C
_LCDInitStr_             smallconst   00100B
_LCDRow1                 smallconst   001001
_LoPriISR                intcodelo    000018
_PORTB                   (abs)        000F81
_RCONbits                (abs)        000FD0
_T0CON                   (abs)        000FD5
_T0CONbits               (abs)        000FD5
_T1CON                   (abs)        000FCD
_TMR0H                   (abs)        000FD7
_TMR0L                   (abs)        000FD6
_TMR0handler             text7        0011CA
_TRISAbits               (abs)        000F92
_TRISB                   (abs)        000F93
_TRISBbits               (abs)        000F93
_TRISC                   (abs)        000F94
_TRISD                   (abs)        000F95
__CFG_BOREN$ON           (abs)        000000
__CFG_BORV$2             (abs)        000000
__CFG_CCP2MX$PORTC       (abs)        000000
__CFG_FOSC$HS1           (abs)        000000
__CFG_PLLCFG$OFF         (abs)        000000
__CFG_PWRTEN$ON          (abs)        000000
__CFG_WDTEN$OFF          (abs)        000000
__CFG_XINST$OFF          (abs)        000000
__HRAM                   (abs)        000000
__Habs1                  abs1         000000
__Hbank0                 bank0        000000
__Hbank1                 bank1        000000
__Hbank10                bank10       000000
__Hbank11                bank11       000000
__Hbank12                bank12       000000
__Hbank13                bank13       000000
__Hbank14                bank14       000000
__Hbank15                bank15       000000
__Hbank2                 bank2        000000
__Hbank3                 bank3        000000
__Hbank4                 bank4        000000
__Hbank5                 bank5        000000
__Hbank6                 bank6        000000
__Hbank7                 bank7        000000
__Hbank8                 bank8        000000
__Hbank9                 bank9        000000
__Hbigbss                bigbss       000000
__Hbigdata               bigdata      000000
__Hbigram                bigram       000000
__Hbss                   bss          000000
__HbssCOMRAM             bssCOMRAM    000000
__Hcinit                 cinit        000000
__Hclrtext               clrtext      000000
__Hcomram                comram       000000
__Hconfig                config       30000E
__Hconst                 const        000000
__HcstackCOMRAM          cstackCOMRAM 000000
__Hdata                  data         000000
__Heeprom_data           eeprom_data  000000
__Hfarbss                farbss       000000
__Hfardata               fardata      000000
__Hibigdata              ibigdata     000000
__Hidata                 idata        000000
__Hidloc                 idloc        200008
__Hifardata              ifardata     000000
__Hinit                  init         000044
__Hintcode               intcode      00000E
__Hintcode_body          intcode_body 000000
__Hintcodelo             intcodelo    000040
__Hintentry              intentry     000000
__Hintret                intret       000000
__Hintsave_regs          intsave_regs 000000
__Hirdata                irdata       000000
__Hmediumconst           mediumconst  000000
__HnvFARRAM              nvFARRAM     000000
__Hnvbit                 nvbit        000000
__Hnvrram                nvrram       000000
__Hparam                 rparam       000000
__Hpowerup               powerup      000040
__Hram                   ram          000000
__Hramtop                ramtop       001000
__Hrbit                  rbit         000000
__Hrbss                  rbss         000000
__Hrdata                 rdata        000000
__Hreset_vec             reset_vec    000004
__Hrparam                rparam       000000
__Hsfr                   sfr          000000
__Hsmallconst            smallconst   001014
__Hspace_0               (abs)        30000E
__Hspace_1               (abs)        00001E
__Hspace_2               (abs)        000000
__Hstack                 stack        000000
__Hstruct                struct       000000
__Htemp                  temp         00001E
__Htext                  text         000000
__Htext0                 text0        000000
__Htext1                 text1        000000
__Htext2                 text2        000000
__Htext3                 text3        000000
__Htext4                 text4        000000
__Htext5                 text5        000000
__Htext7                 text7        000000
__LRAM                   (abs)        000001
__Labs1                  abs1         000000
__Lbank0                 bank0        000000
__Lbank1                 bank1        000000
__Lbank10                bank10       000000
__Lbank11                bank11       000000
__Lbank12                bank12       000000
__Lbank13                bank13       000000
__Lbank14                bank14       000000
__Lbank15                bank15       000000
__Lbank2                 bank2        000000
__Lbank3                 bank3        000000
__Lbank4                 bank4        000000
__Lbank5                 bank5        000000
__Lbank6                 bank6        000000
__Lbank7                 bank7        000000
__Lbank8                 bank8        000000
__Lbank9                 bank9        000000
__Lbigbss                bigbss       000000
__Lbigdata               bigdata      000000
__Lbigram                bigram       000000
__Lbss                   bss          000000
__LbssCOMRAM             bssCOMRAM    000000
__Lcinit                 cinit        000000
__Lclrtext               clrtext      000000
__Lcomram                comram       000000
__Lconfig                config       300000
__Lconst                 const        000000
__LcstackCOMRAM          cstackCOMRAM 000000
__Ldata                  data         000000
__Leeprom_data           eeprom_data  000000
__Lfarbss                farbss       000000
__Lfardata               fardata      000000
__Libigdata              ibigdata     000000
__Lidata                 idata        000000
__Lidloc                 idloc        200000
__Lifardata              ifardata     000000
__Linit                  init         000040
__Lintcode               intcode      000008
__Lintcode_body          intcode_body 000000
__Lintcodelo             intcodelo    000018
__Lintentry              intentry     000000
__Lintret                intret       000000
__Lintsave_regs          intsave_regs 000000
__Lirdata                irdata       000000
__Lmediumconst           mediumconst  000000
__LnvFARRAM              nvFARRAM     000000
__Lnvbit                 nvbit        000000
__Lnvrram                nvrram       000000
__Lparam                 rparam       000000
__Lpowerup               powerup      000040
__Lram                   ram          000000
__Lramtop                ramtop       001000
__Lrbit                  rbit         000000
__Lrbss                  rbss         000000
__Lrdata                 rdata        000000
__Lreset_vec             reset_vec    000000
__Lrparam                rparam       000000
__Lsfr                   sfr          000000
__Lsmallconst            smallconst   001000
__Lspace_0               (abs)        000000
__Lspace_1               (abs)        000000
__Lspace_2               (abs)        000000
__Lstack                 stack        000000
__Lstruct                struct       000000
__Ltemp                  temp         00001D
__Ltext                  text         000000
__Ltext0                 text0        000000
__Ltext1                 text1        000000
__Ltext2                 text2        000000
__Ltext3                 text3        000000
__Ltext4                 text4        000000
__Ltext5                 text5        000000
__Ltext7                 text7        000000
__S0                     (abs)        30000E
__S1                     (abs)        00001E
__S2                     (abs)        000000
___extmem_base           (abs)        020000
___inthi_sp              stack        000000
___intlo_sp              stack        000000
___param_bank            (abs)        000000
___rparam_used           (abs)        000001
___sp                    stack        000000
__accesstop              (abs)        000060
__activetblptr           (abs)        000001
__end_of_DisplayC        text3        00125A
__end_of_DisplayV        text5        00113C
__end_of_HiPriISR        intcode_body 00127A
__end_of_InitLCD         text2        0010AC
__end_of_Initial         text1        0011CA
__end_of_LCDInitStr_     smallconst   001012
__end_of_LCDRow1         smallconst   00100B
__end_of_LoPriISR        intcodelo    000040
__end_of_TMR0handler     text7        001202
__end_of__initialization cinit        00125E
__end_of_main            text0        001276
__end_of_strcpy          text4        001238
__initialization         cinit        00125A
__mediumconst            mediumconst  000000
__pbssCOMRAM             bssCOMRAM    00001B
__pcinit                 cinit        00125A
__pcstackCOMRAM          cstackCOMRAM 000001
__pintcode               intcode      000008
__pintcode_body          intcode_body 001276
__pintcodelo             intcodelo    000018
__psmallconst            smallconst   001000
__ptext0                 text0        001270
__ptext1                 text1        00113C
__ptext2                 text2        001014
__ptext3                 text3        001238
__ptext4                 text4        001202
__ptext5                 text5        0010AC
__ptext7                 text7        0011CA
__ramtop                 ramtop       001000
__size_of_DisplayC       (abs)        000000
__size_of_DisplayV       (abs)        000000
__size_of_HiPriISR       (abs)        000000
__size_of_InitLCD        (abs)        000000
__size_of_Initial        (abs)        000000
__size_of_LoPriISR       (abs)        000000
__size_of_TMR0handler    (abs)        000000
__size_of_main           (abs)        000000
__size_of_strcpy         (abs)        000000
__smallconst             smallconst   001000
_main                    text0        001270
_strcpy                  text4        001202
btemp                    temp         00001D
end_of_initialization    cinit        00125E
int$flags                temp         00001D
int_func                 intcode_body 001276
intlevel0                text         000000
intlevel1                text         000000
intlevel2                text         000000
intlevel3                text         000000
stackhi                  (abs)        000F15
stacklo                  (abs)        000060
start                    init         000040
start_initialization     cinit        00125A
strcpy@d                 cstackCOMRAM 00000B
strcpy@dest              cstackCOMRAM 000005
strcpy@s                 cstackCOMRAM 000009
strcpy@src               cstackCOMRAM 000007
ttemp5                   temp         00001E
ttemp6                   temp         000021
ttemp7                   temp         000025
wtemp8                   temp         00001E


FUNCTION INFORMATION:

 *************** function _main *****************
 Defined at:
		line 81 in file "lab6partA.c"
 Parameters:    Size  Location     Type
		None
 Auto vars:     Size  Location     Type
		None
 Return value:  Size  Location     Type
                  1    wreg      void 
 Registers used:
		wreg, fsr2l, fsr2h, status,2, status,0, tblptrl, tblptrh, tblptru, cstack
 Tracked objects:
		On entry : 
		On exit  : 
		Unchanged: 
 Data sizes:     COMRAM   BANK0   BANK1   BANK2   BANK3   BANK4   BANK5   BANK6   BANK7   BANK8   BANK9  BANK10  BANK11  BANK12  BANK13  BANK14  BANK15
      Params:         0       0       0       0       0       0       0       0       0       0       0       0       0       0       0       0       0
      Locals:         0       0       0       0       0       0       0       0       0       0       0       0       0       0       0       0       0
      Temps:          0       0       0       0       0       0       0       0       0       0       0       0       0       0       0       0       0
      Totals:         0       0       0       0       0       0       0       0       0       0       0       0       0       0       0       0       0
Total ram usage:        0 bytes
 Hardware stack levels required when called:    6
 This function calls:
		_Initial
 This function is called by:
		Startup code after reset
 This function uses a non-reentrant model


 *************** function _Initial *****************
 Defined at:
		line 111 in file "lab6partA.c"
 Parameters:    Size  Location     Type
		None
 Auto vars:     Size  Location     Type
  TMR1X           2    0        unsigned int 
 Return value:  Size  Location     Type
                  1    wreg      void 
 Registers used:
		wreg, fsr2l, fsr2h, status,2, status,0, tblptrl, tblptrh, tblptru, cstack
 Tracked objects:
		On entry : 
		On exit  : 
		Unchanged: 
 Data sizes:     COMRAM   BANK0   BANK1   BANK2   BANK3   BANK4   BANK5   BANK6   BANK7   BANK8   BANK9  BANK10  BANK11  BANK12  BANK13  BANK14  BANK15
      Params:         0       0       0       0       0       0       0       0       0       0       0       0       0       0       0       0       0
      Locals:         2       0       0       0       0       0       0       0       0       0       0       0       0       0       0       0       0
      Temps:          0       0       0       0       0       0       0       0       0       0       0       0       0       0       0       0       0
      Totals:         2       0       0       0       0       0       0       0       0       0       0       0       0       0       0       0       0
Total ram usage:        2 bytes
 Hardware stack levels used:    1
 Hardware stack levels required when called:    5
 This function calls:
		_DisplayC
		_InitLCD
 This function is called by:
		_main
 This function uses a non-reentrant model


 *************** function _InitLCD *****************
 Defined at:
		line 51 in file "LCDroutinesEasyPic.c"
 Parameters:    Size  Location     Type
		None
 Auto vars:     Size  Location     Type
  nibble          1    6[COMRAM] unsigned char 
  count           1    5[COMRAM] unsigned char 
 Return value:  Size  Location     Type
                  1    wreg      void 
 Registers used:
		wreg, status,2, status,0, tblptrl, tblptrh, tblptru
 Tracked objects:
		On entry : 
		On exit  : 
		Unchanged: 
 Data sizes:     COMRAM   BANK0   BANK1   BANK2   BANK3   BANK4   BANK5   BANK6   BANK7   BANK8   BANK9  BANK10  BANK11  BANK12  BANK13  BANK14  BANK15
      Params:         0       0       0       0       0       0       0       0       0       0       0       0       0       0       0       0       0
      Locals:         2       0       0       0       0       0       0       0       0       0       0       0       0       0       0       0       0
      Temps:          1       0       0       0       0       0       0       0       0       0       0       0       0       0       0       0       0
      Totals:         3       0       0       0       0       0       0       0       0       0       0       0       0       0       0       0       0
Total ram usage:        3 bytes
 Hardware stack levels used:    1
 Hardware stack levels required when called:    3
 This function calls:
		Nothing
 This function is called by:
		_Initial
 This function uses a non-reentrant model


 *************** function _DisplayC *****************
 Defined at:
		line 94 in file "LCDroutinesEasyPic.c"
 Parameters:    Size  Location     Type
  LCDStr          2   12[COMRAM] PTR const unsigned char 
		 -> LCDRow1(10), 
 Auto vars:     Size  Location     Type
  temp           10   14[COMRAM] unsigned char [10]
 Return value:  Size  Location     Type
                  1    wreg      void 
 Registers used:
		wreg, fsr2l, fsr2h, status,2, status,0, tblptrl, tblptrh, tblptru, cstack
 Tracked objects:
		On entry : 
		On exit  : 
		Unchanged: 
 Data sizes:     COMRAM   BANK0   BANK1   BANK2   BANK3   BANK4   BANK5   BANK6   BANK7   BANK8   BANK9  BANK10  BANK11  BANK12  BANK13  BANK14  BANK15
      Params:         2       0       0       0       0       0       0       0       0       0       0       0       0       0       0       0       0
      Locals:        10       0       0       0       0       0       0       0       0       0       0       0       0       0       0       0       0
      Temps:          0       0       0       0       0       0       0       0       0       0       0       0       0       0       0       0       0
      Totals:        12       0       0       0       0       0       0       0       0       0       0       0       0       0       0       0       0
Total ram usage:       12 bytes
 Hardware stack levels used:    1
 Hardware stack levels required when called:    4
 This function calls:
		_DisplayV
		_strcpy
 This function is called by:
		_Initial
 This function uses a non-reentrant model


 *************** function _strcpy *****************
 Defined at:
		line 7 in file "C:\Program Files (x86)\Microchip\xc8\v2.05\pic\sources\c99\common\strcpy.c"
 Parameters:    Size  Location     Type
  dest            2    4[COMRAM] PTR unsigned char 
		 -> DisplayC@temp(10), 
  src             2    6[COMRAM] PTR const unsigned char 
		 -> LCDRow1(10), 
 Auto vars:     Size  Location     Type
  d               2   10[COMRAM] PTR unsigned char 
		 -> DisplayC@temp(10), 
  s               2    8[COMRAM] PTR const unsigned char 
		 -> LCDRow1(10), 
 Return value:  Size  Location     Type
                  2    4[COMRAM] PTR unsigned char 
 Registers used:
		wreg, fsr2l, fsr2h, status,2, status,0, tblptrl, tblptrh, tblptru
 Tracked objects:
		On entry : 
		On exit  : 
		Unchanged: 
 Data sizes:     COMRAM   BANK0   BANK1   BANK2   BANK3   BANK4   BANK5   BANK6   BANK7   BANK8   BANK9  BANK10  BANK11  BANK12  BANK13  BANK14  BANK15
      Params:         4       0       0       0       0       0       0       0       0       0       0       0       0       0       0       0       0
      Locals:         4       0       0       0       0       0       0       0       0       0       0       0       0       0       0       0       0
      Temps:          0       0       0       0       0       0       0       0       0       0       0       0       0       0       0       0       0
      Totals:         8       0       0       0       0       0       0       0       0       0       0       0       0       0       0       0       0
Total ram usage:        8 bytes
 Hardware stack levels used:    1
 Hardware stack levels required when called:    3
 This function calls:
		Nothing
 This function is called by:
		_DisplayC
 This function uses a non-reentrant model


 *************** function _DisplayV *****************
 Defined at:
		line 110 in file "LCDroutinesEasyPic.c"
 Parameters:    Size  Location     Type
  LCDStr          2    4[COMRAM] PTR const unsigned char 
		 -> DisplayC@temp(10), 
 Auto vars:     Size  Location     Type
  count           1    7[COMRAM] unsigned char 
  nibble          1    6[COMRAM] unsigned char 
 Return value:  Size  Location     Type
                  1    wreg      void 
 Registers used:
		wreg, fsr2l, fsr2h, status,2, status,0
 Tracked objects:
		On entry : 
		On exit  : 
		Unchanged: 
 Data sizes:     COMRAM   BANK0   BANK1   BANK2   BANK3   BANK4   BANK5   BANK6   BANK7   BANK8   BANK9  BANK10  BANK11  BANK12  BANK13  BANK14  BANK15
      Params:         2       0       0       0       0       0       0       0       0       0       0       0       0       0       0       0       0
      Locals:         2       0       0       0       0       0       0       0       0       0       0       0       0       0       0       0       0
      Temps:          0       0       0       0       0       0       0       0       0       0       0       0       0       0       0       0       0
      Totals:         4       0       0       0       0       0       0       0       0       0       0       0       0       0       0       0       0
Total ram usage:        4 bytes
 Hardware stack levels used:    1
 Hardware stack levels required when called:    3
 This function calls:
		Nothing
 This function is called by:
		_DisplayC
 This function uses a non-reentrant model


 *************** function _LoPriISR *****************
 Defined at:
		line 210 in file "lab6partA.c"
 Parameters:    Size  Location     Type
		None
 Auto vars:     Size  Location     Type
		None
 Return value:  Size  Location     Type
                  1    wreg      void 
 Registers used:
		wreg, status,2, status,0, cstack
 Tracked objects:
		On entry : 
		On exit  : 
		Unchanged: 
 Data sizes:     COMRAM   BANK0   BANK1   BANK2   BANK3   BANK4   BANK5   BANK6   BANK7   BANK8   BANK9  BANK10  BANK11  BANK12  BANK13  BANK14  BANK15
      Params:         0       0       0       0       0       0       0       0       0       0       0       0       0       0       0       0       0
      Locals:         0       0       0       0       0       0       0       0       0       0       0       0       0       0       0       0       0
      Temps:          3       0       0       0       0       0       0       0       0       0       0       0       0       0       0       0       0
      Totals:         3       0       0       0       0       0       0       0       0       0       0       0       0       0       0       0       0
Total ram usage:        3 bytes
 Hardware stack levels used:    1
 Hardware stack levels required when called:    2
 This function calls:
		_TMR0handler
 This function is called by:
		Interrupt level 1
 This function uses a non-reentrant model


 *************** function _TMR0handler *****************
 Defined at:
		line 232 in file "lab6partA.c"
 Parameters:    Size  Location     Type
		None
 Auto vars:     Size  Location     Type
		None
 Return value:  Size  Location     Type
                  1    wreg      void 
 Registers used:
		wreg, status,2, status,0
 Tracked objects:
		On entry : 
		On exit  : 
		Unchanged: 
 Data sizes:     COMRAM   BANK0   BANK1   BANK2   BANK3   BANK4   BANK5   BANK6   BANK7   BANK8   BANK9  BANK10  BANK11  BANK12  BANK13  BANK14  BANK15
      Params:         0       0       0       0       0       0       0       0       0       0       0       0       0       0       0       0       0
      Locals:         0       0       0       0       0       0       0       0       0       0       0       0       0       0       0       0       0
      Temps:          1       0       0       0       0       0       0       0       0       0       0       0       0       0       0       0       0
      Totals:         1       0       0       0       0       0       0       0       0       0       0       0       0       0       0       0       0
Total ram usage:        1 bytes
 Hardware stack levels used:    1
 Hardware stack levels required when called:    1
 This function calls:
		Nothing
 This function is called by:
		_LoPriISR
 This function uses a non-reentrant model


 *************** function _HiPriISR *****************
 Defined at:
		line 199 in file "lab6partA.c"
 Parameters:    Size  Location     Type
		None
 Auto vars:     Size  Location     Type
		None
 Return value:  Size  Location     Type
                  1    wreg      void 
 Registers used:
		None
 Tracked objects:
		On entry : 
		On exit  : 
		Unchanged: 
 Data sizes:     COMRAM   BANK0   BANK1   BANK2   BANK3   BANK4   BANK5   BANK6   BANK7   BANK8   BANK9  BANK10  BANK11  BANK12  BANK13  BANK14  BANK15
      Params:         0       0       0       0       0       0       0       0       0       0       0       0       0       0       0       0       0
      Locals:         0       0       0       0       0       0       0       0       0       0       0       0       0       0       0       0       0
      Temps:          0       0       0       0       0       0       0       0       0       0       0       0       0       0       0       0       0
      Totals:         0       0       0       0       0       0       0       0       0       0       0       0       0       0       0       0       0
Total ram usage:        0 bytes
 Hardware stack levels used:    1
 This function calls:
		Nothing
 This function is called by:
		Interrupt level 2
 This function uses a non-reentrant model



MODULE INFORMATION

Module		Function		Class		Link	Load	Size
C:\Program Files (x86)\Microchip\xc8\v2.05\pic\sources\c99\common\strcpy.c
		_strcpy        		CODE           	1202	0000	55

C:\Program Files (x86)\Microchip\xc8\v2.05\pic\sources\c99\common\strcpy.c estimated size: 55

shared
		_LCDRow1       		SMALLCONST     	1001	0000	11
		_LCDInitStr_   		SMALLCONST     	100B	0000	8
		__initialization		CODE           	125A	0000	5

shared estimated size: 24

lab6partA.c
		_TMR0handler   		CODE           	11CA	0000	57
		_main          		CODE           	1270	0000	7
		_Initial       		CODE           	113C	0000	143
		_HiPriISR      		CODE           	0008	0000	11
		_LoPriISR      		CODE           	0018	0000	41

lab6partA.c estimated size: 259

LCDroutinesEasyPic.c
		_InitLCD       		CODE           	1014	0000	153
		_DisplayC      		CODE           	1238	0000	35
		_DisplayV      		CODE           	10AC	0000	145

LCDroutinesEasyPic.c estimated size: 333

