Microchip MPLAB XC8 Compiler V2.05 ()

Linker command line:

-W-3 --edf=C:\Program Files (x86)\Microchip\xc8\v2.05\pic\dat\en_msgs.txt \
  -cs -h+dist/default/production\Herrin_Sage_Lab6.X.production.sym \
  --cmf=dist/default/production\Herrin_Sage_Lab6.X.production.cmf -z \
  -Q18F87K22 -oC:\Users\sageh\AppData\Local\Temp\s5n4.2 \
  --defsym=__MPLAB_BUILD=1 \
  -Mdist/default/production/Herrin_Sage_Lab6.X.production.map -E1 -ver=XC8 \
  --acfsm=1493 -ASTACK=01AEh-0F15h -pstack=STACK -ACODE=00h-01FFFFh \
  -ACONST=00h-01FFFFh -ASMALLCONST=01000h-010FFhx496 \
  -AMEDIUMCONST=01000h-0FFFFh,011000h-01FFFFh -ACOMRAM=01h-05Fh \
  -AABS1=00h-0F15h -ABIGRAM=01h-0F15h \
  -ARAM=060h-0FFh,0100h-01FFhx14,0F00h-0F15h -ABANK0=060h-0FFh \
  -ABANK1=0100h-01FFh -ABANK2=0200h-02FFh -ABANK3=0300h-03FFh \
  -ABANK4=0400h-04FFh -ABANK5=0500h-05FFh -ABANK6=0600h-06FFh \
  -ABANK7=0700h-07FFh -ABANK8=0800h-08FFh -ABANK9=0900h-09FFh \
  -ABANK10=0A00h-0AFFh -ABANK11=0B00h-0BFFh -ABANK12=0C00h-0CFFh \
  -ABANK13=0D00h-0DFFh -ABANK14=0E00h-0EFFh -ABANK15=0F00h-0F15h \
  -ASFR=0F16h-0F5Fh,0F60h-0FFFh \
  -preset_vec=00h,intcode=08h,intcodelo=018h,powerup,init -pramtop=01000h \
  -psmallconst=SMALLCONST -pmediumconst=MEDIUMCONST -pconst=CONST \
  -AFARRAM=00h-00h -ACONFIG=0300000h-030000Dh -pconfig=CONFIG \
  -AIDLOC=0200000h-0200007h -pidloc=IDLOC -AEEDATA=0F00000h-0F003FFh \
  -peeprom_data=EEDATA \
  -prdata=COMRAM,nvrram=COMRAM,nvbit=COMRAM,rbss=COMRAM,rbit=COMRAM \
  -pfarbss=FARRAM,fardata=FARRAM,nvFARRAM=FARRAM \
  -pintsave_regs=BIGRAM,bigbss=BIGRAM,bigdata=BIGRAM -pbss=RAM \
  -pidata=CODE,irdata=CODE,ibigdata=CODE,ifardata=CODE -prparam=COMRAM \
  C:\Users\sageh\AppData\Local\Temp\s5n4.o \
  dist/default/production\Herrin_Sage_Lab6.X.production.o 

Object code version is 3.11

Machine type is 18F87K22

Call graph: (short form)




                Name                               Link     Load   Length Selector   Space Scale
C:\Users\sageh\AppData\Local\Temp\s5n4.o
                init                                 7C       7C        4        C       0
                reset_vec                             0        0        4        0       0
                idloc                            200000   200000        8   200000       0
                config                           300000   300000        E   300000       0
dist/default/production\Herrin_Sage_Lab6.X.production.o
                intcodelo                            18       18       64        C       0
                intcode                               8        8        6        4       0
                temp                                 4C       4C        1        1       1
                smallconst                         1000     1000       56      800       0
                intcode_body                       3E78     3E78        4      82B       0
                text46                             376C     376C       7E      82B       0
                text45                             394E     394E       72      82B       0
                text44                             3D3A     3D3A       32      82B       0
                text43                             2E30     2E30      132      82B       0
                text42                             37EA     37EA       7C      82B       0
                text40                             354A     354A       90      82B       0
                text39                             3BA2     3BA2       54      82B       0
                text38                             3E4A     3E4A       22      82B       0
                text37                             336A     336A       AA      82B       0
                text36                             2F62     2F62      102      82B       0
                text35                             2CFE     2CFE      132      82B       0
                text34                             32BC     32BC       AE      82B       0
                text33                             3A94     3A94       60      82B       0
                text32                             28DC     28DC      18E      82B       0
                text31                             3CC8     3CC8       3A      82B       0
                text30                             2BBE     2BBE      140      82B       0
                text29                             3E24     3E24       26      82B       0
                text28                             3D9C     3D9C       30      82B       0
                text27                             3C8A     3C8A       3E      82B       0
                text26                             2A6A     2A6A      154      82B       0
                text25                             36E8     36E8       84      82B       0
                text24                             39C0     39C0       70      82B       0
                text23                             249A     249A      288      82B       0
                text22                             35DA     35DA       8A      82B       0
                text21                             3064     3064       D2      82B       0
                text20                             1E3C     1E3C      352      82B       0
                text19                             3DCC     3DCC       2E      82B       0
                text18                             218E     218E      30C      82B       0
                text17                             3C42     3C42       48      82B       0
                text16                             3202     3202       BA      82B       0
                text15                             3136     3136       CC      82B       0
                text14                             2722     2722      1BA      82B       0
                text13                             3E82     3E82        2     1F41       0
                text12                             3414     3414       A0      82B       0
                text11                             3D02     3D02       38      82B       0
                text10                             3DFA     3DFA       2A      82B       0
                text9                              34B4     34B4       96      82B       0
                text8                              3D6C     3D6C       30      82B       0
                text7                              3BF6     3BF6       4C      82B       0
                text6                              1056     1056      97E      82B       0
                text5                              19D4     19D4      468      82B       0
                text4                              3AF4     3AF4       5A      82B       0
                text3                              3B4E     3B4E       54      82B       0
                text2                              38DA     38DA       74      82B       0
                text1                              3866     3866       74      82B       0
                text0                              3A30     3A30       64      82B       0
                cstackCOMRAM                          1        1       39        1       1
                cstackBANK0                          60       60       70       60       1
                cstackBANK1                         190      190       12      100       1
                dataBANK1                           1A2      1A2        C      100       1
                bssBANK1                            100      100       90      100       1
                dataBANK0                            FC       FC        2       60       1
                bssBANK0                             D0       D0       2C       60       1
                dataCOMRAM                           49       49        3        1       1
                bssCOMRAM                            3A       3A        F        1       1
                cinit                              3664     3664       84      82B       0
                idataBANK1                         3E6C     3E6C        C      82B       0
                idataBANK0                         3E7F     3E7F        2      82B       0
                idataCOMRAM                        3E7C     3E7C        3      82B       0

TOTAL           Name                               Link     Load   Length     Space
        CLASS   STACK          

        CLASS   CODE           
                intcodelo                            18       18       64         0
                intcode                               8        8        6         0
                init                                 7C       7C        4         0
                reset_vec                             0        0        4         0
                intcode_body                       3E78     3E78        4         0
                text46                             376C     376C       7E         0
                text45                             394E     394E       72         0
                text44                             3D3A     3D3A       32         0
                text43                             2E30     2E30      132         0
                text42                             37EA     37EA       7C         0
                text40                             354A     354A       90         0
                text39                             3BA2     3BA2       54         0
                text38                             3E4A     3E4A       22         0
                text37                             336A     336A       AA         0
                text36                             2F62     2F62      102         0
                text35                             2CFE     2CFE      132         0
                text34                             32BC     32BC       AE         0
                text33                             3A94     3A94       60         0
                text32                             28DC     28DC      18E         0
                text31                             3CC8     3CC8       3A         0
                text30                             2BBE     2BBE      140         0
                text29                             3E24     3E24       26         0
                text28                             3D9C     3D9C       30         0
                text27                             3C8A     3C8A       3E         0
                text26                             2A6A     2A6A      154         0
                text25                             36E8     36E8       84         0
                text24                             39C0     39C0       70         0
                text23                             249A     249A      288         0
                text22                             35DA     35DA       8A         0
                text21                             3064     3064       D2         0
                text20                             1E3C     1E3C      352         0
                text19                             3DCC     3DCC       2E         0
                text18                             218E     218E      30C         0
                text17                             3C42     3C42       48         0
                text16                             3202     3202       BA         0
                text15                             3136     3136       CC         0
                text14                             2722     2722      1BA         0
                text13                             3E82     3E82        2         0
                text12                             3414     3414       A0         0
                text11                             3D02     3D02       38         0
                text10                             3DFA     3DFA       2A         0
                text9                              34B4     34B4       96         0
                text8                              3D6C     3D6C       30         0
                text7                              3BF6     3BF6       4C         0
                text6                              1056     1056      97E         0
                text5                              19D4     19D4      468         0
                text4                              3AF4     3AF4       5A         0
                text3                              3B4E     3B4E       54         0
                text2                              38DA     38DA       74         0
                text1                              3866     3866       74         0
                text0                              3A30     3A30       64         0
                cinit                              3664     3664       84         0
                idataBANK1                         3E6C     3E6C        C         0
                idataBANK0                         3E7F     3E7F        2         0
                idataCOMRAM                        3E7C     3E7C        3         0

        CLASS   CONST          

        CLASS   SMALLCONST     
                smallconst                         1000     1000       56         0

        CLASS   MEDIUMCONST    

        CLASS   COMRAM         
                temp                                 4C       4C        1         1
                cstackCOMRAM                          1        1       39         1
                dataCOMRAM                           49       49        3         1
                bssCOMRAM                            3A       3A        F         1

        CLASS   ABS1           

        CLASS   BIGRAM         

        CLASS   RAM            

        CLASS   BANK0          
                cstackBANK0                          60       60       70         1
                dataBANK0                            FC       FC        2         1
                bssBANK0                             D0       D0       2C         1

        CLASS   BANK1          
                cstackBANK1                         190      190       12         1
                dataBANK1                           1A2      1A2        C         1
                bssBANK1                            100      100       90         1

        CLASS   BANK2          

        CLASS   BANK3          

        CLASS   BANK4          

        CLASS   BANK5          

        CLASS   BANK6          

        CLASS   BANK7          

        CLASS   BANK8          

        CLASS   BANK9          

        CLASS   BANK10         

        CLASS   BANK11         

        CLASS   BANK12         

        CLASS   BANK13         

        CLASS   BANK14         

        CLASS   BANK15         

        CLASS   SFR            

        CLASS   FARRAM         

        CLASS   CONFIG         
                config                           300000   300000        E         0

        CLASS   IDLOC          
                idloc                            200000   200000        8         0

        CLASS   EEDATA         



SEGMENTS        Name                           Load    Length   Top    Selector   Space  Class

                reset_vec                      000000  000004  000004         0       0  CODE    
                cstackCOMRAM                   000001  00004C  00004D         1       1  COMRAM  
                intcode                        000008  000006  00000E         4       0  CODE    
                intcodelo                      000018  000068  000080         C       0  CODE    
                cstackBANK0                    000060  00009E  0000FE        60       1  BANK0   
                bssBANK1                       000100  0000AE  0001AE       100       1  BANK1   
                smallconst                     001000  000056  001056       800       0  SMALLCON
                text6                          001056  002E2B  003E81       82B       0  CODE    
                text13                         003E82  000002  003E84      1F41       0  CODE    
                idloc                          200000  000008  200008    200000       0  IDLOC   
                config                         300000  00000E  30000E    300000       0  CONFIG  


UNUSED ADDRESS RANGES

        Name                Unused          Largest block    Delta
        BANK0            0000FE-0000FF                2
        BANK1            0001AE-0001FF               52
        BANK10           000A00-000AFF              100
        BANK11           000B00-000BFF              100
        BANK12           000C00-000CFF              100
        BANK13           000D00-000DFF              100
        BANK14           000E00-000EFF              100
        BANK15           000F00-000F15               16
        BANK2            000200-0002FF              100
        BANK3            000300-0003FF              100
        BANK4            000400-0004FF              100
        BANK5            000500-0005FF              100
        BANK6            000600-0006FF              100
        BANK7            000700-0007FF              100
        BANK8            000800-0008FF              100
        BANK9            000900-0009FF              100
        BIGRAM           00004D-00005F               13
                         0000FE-0000FF                2
                         0001AE-000F15              D68
        CODE             000004-000007                4
                         00000E-000017                A
                         000080-000FFF              F80
                         003E81-003E81                1
                         003E84-01FFFF            1C17C
        COMRAM           00004D-00005F               13
        CONST            000004-000007                4
                         00000E-000017                A
                         000080-000FFF              F80
                         003E81-003E81                1
                         003E84-01FFFF            1C17C
        EEDATA           F00000-F003FF              400
        MEDIUMCONST      003E81-003E81                1
                         003E84-00FFFF             C17C
                         011000-01FFFF             F000
        RAM              0000FE-0000FF                2
                         0001AE-000F15              100
        SFR              000F16-000FFF               4A
        SMALLCONST       003E81-003E81                1
                         003E84-01FFFF              100
        STACK            0001AE-000F15              D68

                                  Symbol Table

?___awdiv                 cstackCOMRAM 000013
?___awmod                 cstackCOMRAM 000013
?___fladd                 cstackCOMRAM 000013
?___fldiv                 cstackCOMRAM 000013
?___flmul                 cstackCOMRAM 000021
?___flneg                 cstackCOMRAM 000013
?___flsub                 cstackBANK0  000060
?___fltol                 cstackCOMRAM 000013
?___fpclassifyf           cstackCOMRAM 000013
?___wmul                  cstackCOMRAM 000013
?___xxtofl                cstackCOMRAM 000013
?_atoi                    cstackCOMRAM 00001A
?_efgtoa                  cstackBANK0  00006C
?_floorf                  cstackCOMRAM 00002C
?_isdigit                 cstackCOMRAM 000013
?_isspace                 cstackCOMRAM 000013
?_isupper                 cstackCOMRAM 000013
?_pad                     cstackCOMRAM 000023
?_sprintf                 cstackBANK1  000190
?_strlen                  cstackCOMRAM 000013
?_strncmp                 cstackCOMRAM 000013
?_tolower                 cstackCOMRAM 000019
?_vfpfcnvrt               cstackBANK0  0000B0
?_vfprintf                cstackBANK0  0000C8
DisplayC@LCDStr           cstackCOMRAM 00001D
DisplayC@temp             cstackCOMRAM 00001F
DisplayV@LCDStr           cstackCOMRAM 000013
DisplayV@count            cstackCOMRAM 000016
DisplayV@nibble           cstackCOMRAM 000015
InitLCD@count             cstackCOMRAM 000014
InitLCD@nibble            cstackCOMRAM 000015
_ADCON0                   (abs)        000FC2
_ADCON0bits               (abs)        000FC2
_ADCON1                   (abs)        000FC1
_ADCON2                   (abs)        000FC0
_ADCON2bits               (abs)        000FC0
_ADRES                    (abs)        000FC3
_ADresult                 bssBANK0     0000F2
_ANCON0                   (abs)        000F25
_ANCON0bits               (abs)        000F25
_ANCON1                   (abs)        000F24
_ANCON2                   (abs)        000F23
_Alive_count              bssBANK0     0000FA
_BAUDCON1bits             (abs)        000F65
_BSR                      (abs)        000FE0
_CCPR1X                   bssBANK0     0000F6
_Cscalefactor             dataBANK1    0001A6
_DisplayC                 text38       003E4A
_DisplayV                 text40       00354A
_HiPriISR                 intcode      000008
_INTCON2bits              (abs)        000FF1
_INTCONbits               (abs)        000FF2
_IPR1bits                 (abs)        000F9F
_InitLCD                  text37       00336A
_Initial                  text36       002F62
_LATB                     (abs)        000F8A
_LATBbits                 (abs)        000F8A
_LATC                     (abs)        000F8B
_LATD                     (abs)        000F8C
_LATDbits                 (abs)        000F8C
_LATEbits                 (abs)        000F8D
_LCDInitStr_              smallconst   00100B
_LCDRow1                  smallconst   001001
_LEDcount                 bssCOMRAM    000040
_LEDhandler               text45       00394E
_LM35channel              dataBANK0    0000FC
_LM35result               bssBANK0     0000F0
_LoPriISR                 intcodelo    000018
_OFFcount                 bssBANK0     0000EE
_ONcount                  bssCOMRAM    000042
_P2channel                bssBANK0     0000F4
_P2result                 bssBANK0     0000EC
_PIE1bits                 (abs)        000F9D
_PIR1bits                 (abs)        000F9E
_PORTB                    (abs)        000F81
_Potential                bssBANK0     0000D4
_RBuffer                  bssBANK1     000168
_RCONbits                 (abs)        000FD0
_RCREG1                   (abs)        000FAE
_RCSTA1bits               (abs)        000FAB
_SPBRG                    (abs)        000FAF
_SPItransmission          text46       00376C
_SSP1BUF                  (abs)        000FC9
_SSP1CON1                 (abs)        000FC6
_SSP1STAT                 (abs)        000FC7
_SSP1STATbits             (abs)        000FC7
_T0CON                    (abs)        000FD5
_T0CONbits                (abs)        000FD5
_T1CON                    (abs)        000FCD
_T1CONbits                (abs)        000FCD
_TBuffer                  bssBANK1     000154
_TMR0H                    (abs)        000FD7
_TMR0L                    (abs)        000FD6
_TMR0handler              text44       003D3A
_TMR1                     (abs)        000FCE
_TMR1X                    bssBANK0     0000F8
_TRISA                    (abs)        000F92
_TRISB                    (abs)        000F93
_TRISBbits                (abs)        000F93
_TRISC                    (abs)        000F94
_TRISD                    (abs)        000F95
_TRISEbits                (abs)        000F96
_TXREG1                   (abs)        000FAD
_TXSTA1bits               (abs)        000FAC
_Temp                     bssBANK0     0000D8
_WREG                     (abs)        000FE8
__CFG_BOREN$ON            (abs)        000000
__CFG_BORV$2              (abs)        000000
__CFG_CCP2MX$PORTC        (abs)        000000
__CFG_FOSC$HS1            (abs)        000000
__CFG_PLLCFG$OFF          (abs)        000000
__CFG_PWRTEN$ON           (abs)        000000
__CFG_WDTEN$OFF           (abs)        000000
__CFG_XINST$OFF           (abs)        000000
__HRAM                    (abs)        000000
__Habs1                   abs1         000000
__Hbank0                  bank0        000000
__Hbank1                  bank1        000000
__Hbank10                 bank10       000000
__Hbank11                 bank11       000000
__Hbank12                 bank12       000000
__Hbank13                 bank13       000000
__Hbank14                 bank14       000000
__Hbank15                 bank15       000000
__Hbank2                  bank2        000000
__Hbank3                  bank3        000000
__Hbank4                  bank4        000000
__Hbank5                  bank5        000000
__Hbank6                  bank6        000000
__Hbank7                  bank7        000000
__Hbank8                  bank8        000000
__Hbank9                  bank9        000000
__Hbigbss                 bigbss       000000
__Hbigdata                bigdata      000000
__Hbigram                 bigram       000000
__Hbss                    bss          000000
__HbssBANK0               bssBANK0     000000
__HbssBANK1               bssBANK1     000000
__HbssCOMRAM              bssCOMRAM    000000
__Hcinit                  cinit        000000
__Hclrtext                clrtext      000000
__Hcomram                 comram       000000
__Hconfig                 config       30000E
__Hconst                  const        000000
__HcstackBANK0            cstackBANK0  000000
__HcstackBANK1            cstackBANK1  000000
__HcstackCOMRAM           cstackCOMRAM 000000
__Hdata                   data         000000
__HdataBANK0              dataBANK0    000000
__HdataBANK1              dataBANK1    000000
__HdataCOMRAM             dataCOMRAM   000000
__Heeprom_data            eeprom_data  000000
__Hfarbss                 farbss       000000
__Hfardata                fardata      000000
__Hibigdata               ibigdata     000000
__Hidata                  idata        000000
__HidataBANK0             idataBANK0   000000
__HidataBANK1             idataBANK1   000000
__HidataCOMRAM            idataCOMRAM  000000
__Hidloc                  idloc        200008
__Hifardata               ifardata     000000
__Hinit                   init         000080
__Hintcode                intcode      00000E
__Hintcode_body           intcode_body 000000
__Hintcodelo              intcodelo    00007C
__Hintentry               intentry     000000
__Hintret                 intret       000000
__Hintsave_regs           intsave_regs 000000
__Hirdata                 irdata       000000
__Hmediumconst            mediumconst  000000
__HnvFARRAM               nvFARRAM     000000
__Hnvbit                  nvbit        000000
__Hnvrram                 nvrram       000000
__Hparam                  rparam       000000
__Hpowerup                powerup      00007C
__Hram                    ram          000000
__Hramtop                 ramtop       001000
__Hrbit                   rbit         000000
__Hrbss                   rbss         000000
__Hrdata                  rdata        000000
__Hreset_vec              reset_vec    000004
__Hrparam                 rparam       000000
__Hsfr                    sfr          000000
__Hsmallconst             smallconst   001056
__Hspace_0                (abs)        30000E
__Hspace_1                (abs)        0001AE
__Hspace_2                (abs)        000000
__Hstack                  stack        000000
__Hstruct                 struct       000000
__Htemp                   temp         00004D
__Htext                   text         000000
__Htext0                  text0        000000
__Htext1                  text1        000000
__Htext10                 text10       000000
__Htext11                 text11       000000
__Htext12                 text12       000000
__Htext13                 text13       000000
__Htext14                 text14       000000
__Htext15                 text15       000000
__Htext16                 text16       000000
__Htext17                 text17       000000
__Htext18                 text18       000000
__Htext19                 text19       000000
__Htext2                  text2        000000
__Htext20                 text20       000000
__Htext21                 text21       000000
__Htext22                 text22       000000
__Htext23                 text23       000000
__Htext24                 text24       000000
__Htext25                 text25       000000
__Htext26                 text26       000000
__Htext27                 text27       000000
__Htext28                 text28       000000
__Htext29                 text29       000000
__Htext3                  text3        000000
__Htext30                 text30       000000
__Htext31                 text31       000000
__Htext32                 text32       000000
__Htext33                 text33       000000
__Htext34                 text34       000000
__Htext35                 text35       000000
__Htext36                 text36       000000
__Htext37                 text37       000000
__Htext38                 text38       000000
__Htext39                 text39       000000
__Htext4                  text4        000000
__Htext40                 text40       000000
__Htext42                 text42       000000
__Htext43                 text43       000000
__Htext44                 text44       000000
__Htext45                 text45       000000
__Htext46                 text46       000000
__Htext5                  text5        000000
__Htext6                  text6        000000
__Htext7                  text7        000000
__Htext8                  text8        000000
__Htext9                  text9        000000
__LRAM                    (abs)        000001
__Labs1                   abs1         000000
__Lbank0                  bank0        000000
__Lbank1                  bank1        000000
__Lbank10                 bank10       000000
__Lbank11                 bank11       000000
__Lbank12                 bank12       000000
__Lbank13                 bank13       000000
__Lbank14                 bank14       000000
__Lbank15                 bank15       000000
__Lbank2                  bank2        000000
__Lbank3                  bank3        000000
__Lbank4                  bank4        000000
__Lbank5                  bank5        000000
__Lbank6                  bank6        000000
__Lbank7                  bank7        000000
__Lbank8                  bank8        000000
__Lbank9                  bank9        000000
__Lbigbss                 bigbss       000000
__Lbigdata                bigdata      000000
__Lbigram                 bigram       000000
__Lbss                    bss          000000
__LbssBANK0               bssBANK0     000000
__LbssBANK1               bssBANK1     000000
__LbssCOMRAM              bssCOMRAM    000000
__Lcinit                  cinit        000000
__Lclrtext                clrtext      000000
__Lcomram                 comram       000000
__Lconfig                 config       300000
__Lconst                  const        000000
__LcstackBANK0            cstackBANK0  000000
__LcstackBANK1            cstackBANK1  000000
__LcstackCOMRAM           cstackCOMRAM 000000
__Ldata                   data         000000
__LdataBANK0              dataBANK0    000000
__LdataBANK1              dataBANK1    000000
__LdataCOMRAM             dataCOMRAM   000000
__Leeprom_data            eeprom_data  000000
__Lfarbss                 farbss       000000
__Lfardata                fardata      000000
__Libigdata               ibigdata     000000
__Lidata                  idata        000000
__LidataBANK0             idataBANK0   000000
__LidataBANK1             idataBANK1   000000
__LidataCOMRAM            idataCOMRAM  000000
__Lidloc                  idloc        200000
__Lifardata               ifardata     000000
__Linit                   init         00007C
__Lintcode                intcode      000008
__Lintcode_body           intcode_body 000000
__Lintcodelo              intcodelo    000018
__Lintentry               intentry     000000
__Lintret                 intret       000000
__Lintsave_regs           intsave_regs 000000
__Lirdata                 irdata       000000
__Lmediumconst            mediumconst  000000
__LnvFARRAM               nvFARRAM     000000
__Lnvbit                  nvbit        000000
__Lnvrram                 nvrram       000000
__Lparam                  rparam       000000
__Lpowerup                powerup      00007C
__Lram                    ram          000000
__Lramtop                 ramtop       001000
__Lrbit                   rbit         000000
__Lrbss                   rbss         000000
__Lrdata                  rdata        000000
__Lreset_vec              reset_vec    000000
__Lrparam                 rparam       000000
__Lsfr                    sfr          000000
__Lsmallconst             smallconst   001000
__Lspace_0                (abs)        000000
__Lspace_1                (abs)        000000
__Lspace_2                (abs)        000000
__Lstack                  stack        000000
__Lstruct                 struct       000000
__Ltemp                   temp         00004C
__Ltext                   text         000000
__Ltext0                  text0        000000
__Ltext1                  text1        000000
__Ltext10                 text10       000000
__Ltext11                 text11       000000
__Ltext12                 text12       000000
__Ltext13                 text13       000000
__Ltext14                 text14       000000
__Ltext15                 text15       000000
__Ltext16                 text16       000000
__Ltext17                 text17       000000
__Ltext18                 text18       000000
__Ltext19                 text19       000000
__Ltext2                  text2        000000
__Ltext20                 text20       000000
__Ltext21                 text21       000000
__Ltext22                 text22       000000
__Ltext23                 text23       000000
__Ltext24                 text24       000000
__Ltext25                 text25       000000
__Ltext26                 text26       000000
__Ltext27                 text27       000000
__Ltext28                 text28       000000
__Ltext29                 text29       000000
__Ltext3                  text3        000000
__Ltext30                 text30       000000
__Ltext31                 text31       000000
__Ltext32                 text32       000000
__Ltext33                 text33       000000
__Ltext34                 text34       000000
__Ltext35                 text35       000000
__Ltext36                 text36       000000
__Ltext37                 text37       000000
__Ltext38                 text38       000000
__Ltext39                 text39       000000
__Ltext4                  text4        000000
__Ltext40                 text40       000000
__Ltext42                 text42       000000
__Ltext43                 text43       000000
__Ltext44                 text44       000000
__Ltext45                 text45       000000
__Ltext46                 text46       000000
__Ltext5                  text5        000000
__Ltext6                  text6        000000
__Ltext7                  text7        000000
__Ltext8                  text8        000000
__Ltext9                  text9        000000
__S0                      (abs)        30000E
__S1                      (abs)        0001AE
__S2                      (abs)        000000
___awdiv                  text25       0036E8
___awdiv@counter          cstackCOMRAM 000017
___awdiv@dividend         cstackCOMRAM 000013
___awdiv@divisor          cstackCOMRAM 000015
___awdiv@quotient         cstackCOMRAM 000019
___awdiv@sign             cstackCOMRAM 000018
___awmod                  text24       0039C0
___awmod@counter          cstackCOMRAM 000017
___awmod@dividend         cstackCOMRAM 000013
___awmod@divisor          cstackCOMRAM 000015
___awmod@sign             cstackCOMRAM 000018
___extmem_base            (abs)        020000
___fladd                  text18       00218E
___fladd@a                cstackCOMRAM 000017
___fladd@aexp             cstackCOMRAM 000020
___fladd@b                cstackCOMRAM 000013
___fladd@bexp             cstackCOMRAM 000021
___fladd@grs              cstackCOMRAM 000022
___fladd@signs            cstackCOMRAM 00001F
___fldiv                  text23       00249A
___fldiv@a                cstackCOMRAM 000017
___fldiv@aexp             cstackCOMRAM 00002B
___fldiv@b                cstackCOMRAM 000013
___fldiv@bexp             cstackCOMRAM 00002A
___fldiv@grs              cstackCOMRAM 000026
___fldiv@new_exp          cstackCOMRAM 000024
___fldiv@rem              cstackCOMRAM 00001F
___fldiv@sign             cstackCOMRAM 000023
___fleq                   text22       0035DA
___fleq@ff1               cstackCOMRAM 000013
___fleq@ff2               cstackCOMRAM 000017
___flge                   text21       003064
___flge@ff1               cstackBANK0  000060
___flge@ff2               cstackBANK0  000064
___flmul                  text20       001E3C
___flmul@a                cstackCOMRAM 000025
___flmul@aexp             cstackCOMRAM 00002E
___flmul@b                cstackCOMRAM 000021
___flmul@bexp             cstackCOMRAM 000033
___flmul@grs              cstackCOMRAM 00002F
___flmul@prod             cstackCOMRAM 000034
___flmul@sign             cstackCOMRAM 00002D
___flmul@temp             cstackCOMRAM 000038
___flneg                  text19       003DCC
___flneg@f1               cstackCOMRAM 000013
___flsub                  text17       003C42
___flsub@a                cstackBANK0  000064
___flsub@b                cstackBANK0  000060
___fltol                  text16       003202
___fltol@exp1             cstackCOMRAM 00001C
___fltol@f1               cstackCOMRAM 000013
___fltol@sign1            cstackCOMRAM 00001B
___fpclassifyf            text15       003136
___fpclassifyf@F463       bssBANK0     0000D0
___fpclassifyf@e          cstackCOMRAM 00001B
___fpclassifyf@u          cstackCOMRAM 00001D
___fpclassifyf@x          cstackCOMRAM 000013
___inthi_sp               stack        000000
___intlo_sp               stack        000000
___param_bank             (abs)        000000
___rparam_used            (abs)        000001
___sp                     stack        000000
___wmul                   text29       003E24
___wmul@multiplicand      cstackCOMRAM 000015
___wmul@multiplier        cstackCOMRAM 000013
___wmul@product           cstackCOMRAM 000017
___xxtofl                 text30       002BBE
___xxtofl@arg             cstackCOMRAM 00001D
___xxtofl@exp             cstackCOMRAM 00001C
___xxtofl@sign            cstackCOMRAM 00001B
___xxtofl@val             cstackCOMRAM 000013
__accesstop               (abs)        000060
__activetblptr            (abs)        000003
__end_of_DisplayC         text38       003E6C
__end_of_DisplayV         text40       0035DA
__end_of_HiPriISR         intcode_body 003E7C
__end_of_InitLCD          text37       003414
__end_of_Initial          text36       003064
__end_of_LCDInitStr_      smallconst   001012
__end_of_LCDRow1          smallconst   00100B
__end_of_LEDhandler       text45       0039C0
__end_of_LoPriISR         intcodelo    00007C
__end_of_SPItransmission  text46       0037EA
__end_of_TMR0handler      text44       003D6C
__end_of___awdiv          text25       00376C
__end_of___awmod          text24       003A30
__end_of___fladd          text18       00249A
__end_of___fldiv          text23       002722
__end_of___fleq           text22       003664
__end_of___flge           text21       003136
__end_of___flmul          text20       00218E
__end_of___flneg          text19       003DFA
__end_of___flsub          text17       003C8A
__end_of___fltol          text16       0032BC
__end_of___fpclassifyf    text15       003202
__end_of___wmul           text29       003E4A
__end_of___xxtofl         text30       002CFE
__end_of__initialization  cinit        0036DE
__end_of_atoi             text26       002BBE
__end_of_decoder          text32       002A6A
__end_of_efgtoa           text6        0019D4
__end_of_floorf           text14       0028DC
__end_of_fputc            text12       0034B4
__end_of_fputs            text11       003D3A
__end_of_isdigit          text28       003DCC
__end_of_isspace          text27       003CC8
__end_of_isupper          text8        003D9C
__end_of_main             text0        003A94
__end_of_memset           text35       002E30
__end_of_pad              text9        00354A
__end_of_putch            text13       003E84
__end_of_receive          text42       003866
__end_of_sample           text31       003D02
__end_of_sprintf          text3        003BA2
__end_of_strcpy           text39       003BF6
__end_of_strlen           text10       003E24
__end_of_strncmp          text34       00336A
__end_of_tempC            text2        00394E
__end_of_tolower          text7        003C42
__end_of_transmit         text33       003AF4
__end_of_vfpfcnvrt        text5        001E3C
__end_of_vfprintf         text4        003B4E
__end_of_volts            text1        0038DA
__end_ofi1_memset         text43       002F62
__initialization          cinit        003664
__mediumconst             mediumconst  000000
__pbssBANK0               bssBANK0     0000D0
__pbssBANK1               bssBANK1     000100
__pbssCOMRAM              bssCOMRAM    00003A
__pcinit                  cinit        003664
__pcstackBANK0            cstackBANK0  000060
__pcstackBANK1            cstackBANK1  000190
__pcstackCOMRAM           cstackCOMRAM 000001
__pdataBANK0              dataBANK0    0000FC
__pdataBANK1              dataBANK1    0001A2
__pdataCOMRAM             dataCOMRAM   000049
__pidataBANK0             idataBANK0   003E7F
__pidataBANK1             idataBANK1   003E6C
__pidataCOMRAM            idataCOMRAM  003E7C
__pintcode                intcode      000008
__pintcode_body           intcode_body 003E78
__pintcodelo              intcodelo    000018
__psmallconst             smallconst   001000
__ptext0                  text0        003A30
__ptext1                  text1        003866
__ptext10                 text10       003DFA
__ptext11                 text11       003D02
__ptext12                 text12       003414
__ptext13                 text13       003E82
__ptext14                 text14       002722
__ptext15                 text15       003136
__ptext16                 text16       003202
__ptext17                 text17       003C42
__ptext18                 text18       00218E
__ptext19                 text19       003DCC
__ptext2                  text2        0038DA
__ptext20                 text20       001E3C
__ptext21                 text21       003064
__ptext22                 text22       0035DA
__ptext23                 text23       00249A
__ptext24                 text24       0039C0
__ptext25                 text25       0036E8
__ptext26                 text26       002A6A
__ptext27                 text27       003C8A
__ptext28                 text28       003D9C
__ptext29                 text29       003E24
__ptext3                  text3        003B4E
__ptext30                 text30       002BBE
__ptext31                 text31       003CC8
__ptext32                 text32       0028DC
__ptext33                 text33       003A94
__ptext34                 text34       0032BC
__ptext35                 text35       002CFE
__ptext36                 text36       002F62
__ptext37                 text37       00336A
__ptext38                 text38       003E4A
__ptext39                 text39       003BA2
__ptext4                  text4        003AF4
__ptext40                 text40       00354A
__ptext42                 text42       0037EA
__ptext43                 text43       002E30
__ptext44                 text44       003D3A
__ptext45                 text45       00394E
__ptext46                 text46       00376C
__ptext5                  text5        0019D4
__ptext6                  text6        001056
__ptext7                  text7        003BF6
__ptext8                  text8        003D6C
__ptext9                  text9        0034B4
__ramtop                  ramtop       001000
__size_of_DisplayC        (abs)        000000
__size_of_DisplayV        (abs)        000000
__size_of_HiPriISR        (abs)        000000
__size_of_InitLCD         (abs)        000000
__size_of_Initial         (abs)        000000
__size_of_LEDhandler      (abs)        000000
__size_of_LoPriISR        (abs)        000000
__size_of_SPItransmission (abs)        000000
__size_of_TMR0handler     (abs)        000000
__size_of___awdiv         (abs)        000000
__size_of___awmod         (abs)        000000
__size_of___fladd         (abs)        000000
__size_of___fldiv         (abs)        000000
__size_of___fleq          (abs)        000000
__size_of___flge          (abs)        000000
__size_of___flmul         (abs)        000000
__size_of___flneg         (abs)        000000
__size_of___flsub         (abs)        000000
__size_of___fltol         (abs)        000000
__size_of___fpclassifyf   (abs)        000000
__size_of___wmul          (abs)        000000
__size_of___xxtofl        (abs)        000000
__size_of_atoi            (abs)        000000
__size_of_decoder         (abs)        000000
__size_of_efgtoa          (abs)        000000
__size_of_floorf          (abs)        000000
__size_of_fputc           (abs)        000000
__size_of_fputs           (abs)        000000
__size_of_isdigit         (abs)        000000
__size_of_isspace         (abs)        000000
__size_of_isupper         (abs)        000000
__size_of_main            (abs)        000000
__size_of_memset          (abs)        000000
__size_of_pad             (abs)        000000
__size_of_putch           (abs)        000000
__size_of_receive         (abs)        000000
__size_of_sample          (abs)        000000
__size_of_sprintf         (abs)        000000
__size_of_strcpy          (abs)        000000
__size_of_strlen          (abs)        000000
__size_of_strncmp         (abs)        000000
__size_of_tempC           (abs)        000000
__size_of_tolower         (abs)        000000
__size_of_transmit        (abs)        000000
__size_of_vfpfcnvrt       (abs)        000000
__size_of_vfprintf        (abs)        000000
__size_of_volts           (abs)        000000
__size_ofi1_memset        (abs)        000000
__smallconst              smallconst   001000
_atoi                     text26       002A6A
_atoi$1976                cstackCOMRAM 000022
_atoi$1977                cstackCOMRAM 000026
_atoi$1978                cstackCOMRAM 000024
_bcount                   bssBANK0     0000E6
_binnum                   dataCOMRAM   000049
_ccp1count                dataBANK1    0001AA
_commandready             bssBANK0     0000E4
_continuousMode           bssBANK0     0000E2
_dbuf                     bssBANK1     000104
_dec                      bssCOMRAM    000046
_decoder                  text32       0028DC
_done                     bssBANK0     0000E8
_efgtoa                   text6        001056
_efgtoa$1475              cstackBANK0  00007C
_efgtoa$1476              cstackBANK0  00007E
_efgtoa$1481              cstackBANK0  000080
_efgtoa$1485              cstackBANK0  000082
_efgtoa$1486              cstackBANK0  000084
_efgtoa$1487              cstackBANK0  000086
_flags                    bssCOMRAM    00003C
_floorf                   text14       002722
_fputc                    text12       003414
_fputs                    text11       003D02
_garbage                  bssCOMRAM    000047
_inc                      dataCOMRAM   00004B
_isdigit                  text28       003D9C
_isspace                  text27       003C8A
_isspace$2007             cstackCOMRAM 000019
_isupper                  text8        003D6C
_main                     text0        003A30
_memset                   text35       002CFE
_nout                     bssBANK0     0000DC
_pad                      text9        0034B4
_prec                     bssCOMRAM    00003A
_putch                    text13       003E82
_receive                  text42       0037EA
_sample                   text31       003CC8
_samplecount              bssCOMRAM    000044
_sprintf                  text3        003B4E
_strcpy                   text39       003BA2
_strlen                   text10       003DFA
_strncmp                  text34       0032BC
_tcount                   bssCOMRAM    00003E
_tempC                    text2        0038DA
_temperature              bssBANK1     000186
_throwout                 bssCOMRAM    000048
_tolower                  text7        003BF6
_tolower$2099             cstackCOMRAM 00001F
_transmit                 text33       003A94
_transmittime             bssBANK0     0000E0
_vfpfcnvrt                text5        0019D4
_vfpfcnvrt$1501           cstackBANK0  0000BC
_vfpfcnvrt$1505           cstackBANK0  0000BE
_vfprintf                 text4        003AF4
_voltage                  bssBANK1     00017C
_volts                    text1        003866
_vscalefactor             dataBANK1    0001A2
_width                    bssBANK0     0000DE
_wregtemp                 bssBANK0     0000EA
atoi@n                    cstackCOMRAM 000027
atoi@neg                  cstackCOMRAM 000020
atoi@s                    cstackCOMRAM 00001A
btemp                     temp         00004C
efgtoa@c                  cstackBANK0  000072
efgtoa@d                  cstackBANK0  000090
efgtoa@e                  cstackBANK0  0000A8
efgtoa@f                  cstackBANK0  00006E
efgtoa@fp                 cstackBANK0  00006C
efgtoa@g                  cstackBANK0  0000A4
efgtoa@h                  cstackBANK0  00009A
efgtoa@i                  cstackBANK0  0000A2
efgtoa@l                  cstackBANK0  00009E
efgtoa@m                  cstackBANK0  00008C
efgtoa@mode               cstackBANK0  000099
efgtoa@n                  cstackBANK0  0000AA
efgtoa@ne                 cstackBANK0  00008E
efgtoa@nmode              cstackBANK0  000096
efgtoa@ou                 cstackBANK0  000078
efgtoa@p                  cstackBANK0  000094
efgtoa@pp                 cstackBANK0  00008A
efgtoa@sign               cstackBANK0  000092
efgtoa@t                  cstackBANK0  000088
efgtoa@u                  cstackBANK0  0000AC
efgtoa@w                  cstackBANK0  000097
end_of_initialization     cinit        0036DE
floorf@F524               bssBANK1     000100
floorf@e                  cstackBANK0  000064
floorf@m                  cstackBANK0  000060
floorf@u                  cstackBANK0  000066
floorf@x                  cstackCOMRAM 00002C
fputc@c                   cstackCOMRAM 000013
fputc@fp                  cstackCOMRAM 000015
fputs@c                   cstackCOMRAM 000020
fputs@fp                  cstackCOMRAM 00001E
fputs@i                   cstackCOMRAM 000021
fputs@s                   cstackCOMRAM 00001C
i1_memset                 text43       002E30
i1memset@c                cstackCOMRAM 000003
i1memset@dest             cstackCOMRAM 000001
i1memset@k                cstackCOMRAM 000009
i1memset@n                cstackCOMRAM 000005
i1memset@s                cstackCOMRAM 00000B
int$flags                 temp         00004C
int_func                  intcode_body 003E78
intlevel0                 text         000000
intlevel1                 text         000000
intlevel2                 text         000000
intlevel3                 text         000000
isdigit@c                 cstackCOMRAM 000013
isspace@c                 cstackCOMRAM 000013
isupper@c                 cstackCOMRAM 000013
memset@c                  cstackCOMRAM 000015
memset@dest               cstackCOMRAM 000013
memset@k                  cstackCOMRAM 00001B
memset@n                  cstackCOMRAM 000017
memset@s                  cstackCOMRAM 00001D
pad@buf                   cstackCOMRAM 000025
pad@fp                    cstackCOMRAM 000023
pad@i                     cstackCOMRAM 00002A
pad@p                     cstackCOMRAM 000027
pad@w                     cstackCOMRAM 00002C
sprintf@ap                cstackBANK1  00019A
sprintf@f                 cstackBANK1  00019C
sprintf@fmt               cstackBANK1  000192
sprintf@s                 cstackBANK1  000190
stackhi                   (abs)        000F15
stacklo                   (abs)        0001AE
start                     init         00007C
start_initialization      cinit        003664
strcpy@d                  cstackCOMRAM 00001B
strcpy@dest               cstackCOMRAM 000013
strcpy@s                  cstackCOMRAM 000019
strcpy@src                cstackCOMRAM 000015
strlen@a                  cstackCOMRAM 000015
strlen@s                  cstackCOMRAM 000013
strncmp@_l                cstackCOMRAM 000013
strncmp@_r                cstackCOMRAM 000015
strncmp@l                 cstackCOMRAM 00001A
strncmp@n                 cstackCOMRAM 000017
strncmp@r                 cstackCOMRAM 00001C
tolower@c                 cstackCOMRAM 000019
ttemp5                    temp         00004D
ttemp6                    temp         000050
ttemp7                    temp         000054
vfpfcnvrt@ap              cstackBANK0  0000B4
vfpfcnvrt@c               cstackBANK0  0000C7
vfpfcnvrt@ct              cstackBANK0  0000C4
vfpfcnvrt@done            cstackBANK0  0000BA
vfpfcnvrt@f               cstackBANK0  0000C0
vfpfcnvrt@fmt             cstackBANK0  0000B2
vfpfcnvrt@fp              cstackBANK0  0000B0
vfprintf@ap               cstackBANK0  0000CC
vfprintf@cfmt             cstackBANK0  0000CE
vfprintf@fmt              cstackBANK0  0000CA
vfprintf@fp               cstackBANK0  0000C8
wtemp8                    temp         00004D


FUNCTION INFORMATION:

 *************** function _main *****************
 Defined at:
		line 124 in file "Trozinski_Herrin_Lab6.c"
 Parameters:    Size  Location     Type
		None
 Auto vars:     Size  Location     Type
		None
 Return value:  Size  Location     Type
                  1    wreg      void 
 Registers used:
		wreg, fsr1l, fsr1h, fsr2l, fsr2h, status,2, status,0, tblptrl, tblptrh, tblptru, prodl, prodh, cstack
 Tracked objects:
		On entry : 
		On exit  : 
		Unchanged: 
 Data sizes:     COMRAM   BANK0   BANK1   BANK2   BANK3   BANK4   BANK5   BANK6   BANK7   BANK8   BANK9  BANK10  BANK11  BANK12  BANK13  BANK14  BANK15
      Params:         0       0       0       0       0       0       0       0       0       0       0       0       0       0       0       0       0
      Locals:         0       0       0       0       0       0       0       0       0       0       0       0       0       0       0       0       0
      Temps:          0       0       0       0       0       0       0       0       0       0       0       0       0       0       0       0       0
      Totals:         0       0       0       0       0       0       0       0       0       0       0       0       0       0       0       0       0
Total ram usage:        0 bytes
 Hardware stack levels required when called:   13
 This function calls:
		_DisplayC
		_Initial
		_decoder
		_sample
		_tempC
		_volts
 This function is called by:
		Startup code after reset
 This function uses a non-reentrant model


 *************** function _volts *****************
 Defined at:
		line 483 in file "Trozinski_Herrin_Lab6.c"
 Parameters:    Size  Location     Type
		None
 Auto vars:     Size  Location     Type
		None
 Return value:  Size  Location     Type
                  1    wreg      void 
 Registers used:
		wreg, fsr1l, fsr1h, fsr2l, fsr2h, status,2, status,0, tblptrl, tblptrh, tblptru, prodl, prodh, cstack
 Tracked objects:
		On entry : 
		On exit  : 
		Unchanged: 
 Data sizes:     COMRAM   BANK0   BANK1   BANK2   BANK3   BANK4   BANK5   BANK6   BANK7   BANK8   BANK9  BANK10  BANK11  BANK12  BANK13  BANK14  BANK15
      Params:         0       0       0       0       0       0       0       0       0       0       0       0       0       0       0       0       0
      Locals:         0       0       0       0       0       0       0       0       0       0       0       0       0       0       0       0       0
      Temps:          0       0       0       0       0       0       0       0       0       0       0       0       0       0       0       0       0
      Totals:         0       0       0       0       0       0       0       0       0       0       0       0       0       0       0       0       0
Total ram usage:        0 bytes
 Hardware stack levels used:    1
 Hardware stack levels required when called:   12
 This function calls:
		___flmul
		___xxtofl
		_sprintf
 This function is called by:
		_main
 This function uses a non-reentrant model


 *************** function _tempC *****************
 Defined at:
		line 465 in file "Trozinski_Herrin_Lab6.c"
 Parameters:    Size  Location     Type
		None
 Auto vars:     Size  Location     Type
		None
 Return value:  Size  Location     Type
                  1    wreg      void 
 Registers used:
		wreg, fsr1l, fsr1h, fsr2l, fsr2h, status,2, status,0, tblptrl, tblptrh, tblptru, prodl, prodh, cstack
 Tracked objects:
		On entry : 
		On exit  : 
		Unchanged: 
 Data sizes:     COMRAM   BANK0   BANK1   BANK2   BANK3   BANK4   BANK5   BANK6   BANK7   BANK8   BANK9  BANK10  BANK11  BANK12  BANK13  BANK14  BANK15
      Params:         0       0       0       0       0       0       0       0       0       0       0       0       0       0       0       0       0
      Locals:         0       0       0       0       0       0       0       0       0       0       0       0       0       0       0       0       0
      Temps:          0       0       0       0       0       0       0       0       0       0       0       0       0       0       0       0       0
      Totals:         0       0       0       0       0       0       0       0       0       0       0       0       0       0       0       0       0
Total ram usage:        0 bytes
 Hardware stack levels used:    1
 Hardware stack levels required when called:   12
 This function calls:
		___flmul
		___xxtofl
		_sprintf
 This function is called by:
		_main
 This function uses a non-reentrant model


 *************** function _sprintf *****************
 Defined at:
		line 9 in file "C:\Program Files (x86)\Microchip\xc8\v2.05\pic\sources\c99\common\nf_sprintf.c"
 Parameters:    Size  Location     Type
  s               2    0[BANK1 ] PTR unsigned char 
		 -> voltage(10), temperature(10), 
  fmt             2    2[BANK1 ] PTR const unsigned char 
		 -> STR_2(11), STR_1(11), 
 Auto vars:     Size  Location     Type
  f               6   12[BANK1 ] struct _IO_FILE
  ap              2   10[BANK1 ] PTR void [1]
		 -> ?_sprintf(2), 
  ret             2    0        int 
 Return value:  Size  Location     Type
                  2    0[BANK1 ] int 
 Registers used:
		wreg, fsr1l, fsr1h, fsr2l, fsr2h, status,2, status,0, tblptrl, tblptrh, tblptru, prodl, prodh, cstack
 Tracked objects:
		On entry : 
		On exit  : 
		Unchanged: 
 Data sizes:     COMRAM   BANK0   BANK1   BANK2   BANK3   BANK4   BANK5   BANK6   BANK7   BANK8   BANK9  BANK10  BANK11  BANK12  BANK13  BANK14  BANK15
      Params:         0       0       8       0       0       0       0       0       0       0       0       0       0       0       0       0       0
      Locals:         0       0      10       0       0       0       0       0       0       0       0       0       0       0       0       0       0
      Temps:          0       0       0       0       0       0       0       0       0       0       0       0       0       0       0       0       0
      Totals:         0       0      18       0       0       0       0       0       0       0       0       0       0       0       0       0       0
Total ram usage:       18 bytes
 Hardware stack levels used:    1
 Hardware stack levels required when called:   11
 This function calls:
		_vfprintf
 This function is called by:
		_tempC
		_volts
 This function uses a non-reentrant model


 *************** function _vfprintf *****************
 Defined at:
		line 1368 in file "C:\Program Files (x86)\Microchip\xc8\v2.05\pic\sources\c99\common\doprnt.c"
 Parameters:    Size  Location     Type
  fp              2  104[BANK0 ] PTR struct _IO_FILE
		 -> sprintf@f(6), 
  fmt             2  106[BANK0 ] PTR const unsigned char 
		 -> STR_2(11), STR_1(11), 
  ap              2  108[BANK0 ] PTR PTR void 
		 -> sprintf@ap(2), 
 Auto vars:     Size  Location     Type
  cfmt            2  110[BANK0 ] PTR unsigned char 
		 -> STR_2(11), STR_1(11), 
 Return value:  Size  Location     Type
                  2  104[BANK0 ] int 
 Registers used:
		wreg, fsr1l, fsr1h, fsr2l, fsr2h, status,2, status,0, tblptrl, tblptrh, tblptru, prodl, prodh, cstack
 Tracked objects:
		On entry : 
		On exit  : 
		Unchanged: 
 Data sizes:     COMRAM   BANK0   BANK1   BANK2   BANK3   BANK4   BANK5   BANK6   BANK7   BANK8   BANK9  BANK10  BANK11  BANK12  BANK13  BANK14  BANK15
      Params:         0       6       0       0       0       0       0       0       0       0       0       0       0       0       0       0       0
      Locals:         0       2       0       0       0       0       0       0       0       0       0       0       0       0       0       0       0
      Temps:          0       0       0       0       0       0       0       0       0       0       0       0       0       0       0       0       0
      Totals:         0       8       0       0       0       0       0       0       0       0       0       0       0       0       0       0       0
Total ram usage:        8 bytes
 Hardware stack levels used:    1
 Hardware stack levels required when called:   10
 This function calls:
		_vfpfcnvrt
 This function is called by:
		_sprintf
 This function uses a non-reentrant model


 *************** function _vfpfcnvrt *****************
 Defined at:
		line 670 in file "C:\Program Files (x86)\Microchip\xc8\v2.05\pic\sources\c99\common\doprnt.c"
 Parameters:    Size  Location     Type
  fp              2   80[BANK0 ] PTR struct _IO_FILE
		 -> sprintf@f(6), 
  fmt             2   82[BANK0 ] PTR PTR unsigned char 
		 -> vfprintf@cfmt(2), 
  ap              2   84[BANK0 ] PTR PTR void 
		 -> sprintf@ap(2), 
 Auto vars:     Size  Location     Type
  llu             8    0        unsigned long long 
  ll              8    0        long long 
  f               4   96[BANK0 ] long long 
  ct              3  100[BANK0 ] unsigned char [3]
  vp              3    0        PTR void 
  cp              3    0        PTR unsigned char 
  done            2   90[BANK0 ] int 
  i               2    0        int 
  c               1  103[BANK0 ] unsigned char 
 Return value:  Size  Location     Type
                  2   80[BANK0 ] int 
 Registers used:
		wreg, fsr1l, fsr1h, fsr2l, fsr2h, status,2, status,0, tblptrl, tblptrh, tblptru, prodl, prodh, cstack
 Tracked objects:
		On entry : 
		On exit  : 
		Unchanged: 
 Data sizes:     COMRAM   BANK0   BANK1   BANK2   BANK3   BANK4   BANK5   BANK6   BANK7   BANK8   BANK9  BANK10  BANK11  BANK12  BANK13  BANK14  BANK15
      Params:         0       6       0       0       0       0       0       0       0       0       0       0       0       0       0       0       0
      Locals:         0      14       0       0       0       0       0       0       0       0       0       0       0       0       0       0       0
      Temps:          0       4       0       0       0       0       0       0       0       0       0       0       0       0       0       0       0
      Totals:         0      24       0       0       0       0       0       0       0       0       0       0       0       0       0       0       0
Total ram usage:       24 bytes
 Hardware stack levels used:    1
 Hardware stack levels required when called:    9
 This function calls:
		_atoi
		_efgtoa
		_fputc
		_isdigit
		_isupper
		_strncmp
		_tolower
 This function is called by:
		_vfprintf
 This function uses a non-reentrant model


 *************** function _efgtoa *****************
 Defined at:
		line 319 in file "C:\Program Files (x86)\Microchip\xc8\v2.05\pic\sources\c99\common\doprnt.c"
 Parameters:    Size  Location     Type
  fp              2   12[BANK0 ] PTR struct _IO_FILE
		 -> sprintf@f(6), 
  f               4   14[BANK0 ] PTR struct _IO_FILE
  c               1   18[BANK0 ] unsigned char 
 Auto vars:     Size  Location     Type
  u               4   76[BANK0 ] unsigned char 
  g               4   68[BANK0 ] unsigned char 
  l               4   62[BANK0 ] unsigned char 
  h               4   58[BANK0 ] unsigned char 
  ou              4   24[BANK0 ] unsigned char 
  n               2   74[BANK0 ] int 
  e               2   72[BANK0 ] int 
  i               2   66[BANK0 ] int 
  w               2   55[BANK0 ] int 
  p               2   52[BANK0 ] int 
  sign            2   50[BANK0 ] int 
  d               2   48[BANK0 ] int 
  ne              2   46[BANK0 ] int 
  m               2   44[BANK0 ] int 
  pp              2   42[BANK0 ] int 
  t               2   40[BANK0 ] int 
  mode            1   57[BANK0 ] unsigned char 
  nmode           1   54[BANK0 ] unsigned char 
 Return value:  Size  Location     Type
                  2   12[BANK0 ] int 
 Registers used:
		wreg, fsr1l, fsr1h, fsr2l, fsr2h, status,2, status,0, tblptrl, tblptrh, tblptru, prodl, prodh, cstack
 Tracked objects:
		On entry : 
		On exit  : 
		Unchanged: 
 Data sizes:     COMRAM   BANK0   BANK1   BANK2   BANK3   BANK4   BANK5   BANK6   BANK7   BANK8   BANK9  BANK10  BANK11  BANK12  BANK13  BANK14  BANK15
      Params:         0       7       0       0       0       0       0       0       0       0       0       0       0       0       0       0       0
      Locals:         0      56       0       0       0       0       0       0       0       0       0       0       0       0       0       0       0
      Temps:          0       5       0       0       0       0       0       0       0       0       0       0       0       0       0       0       0
      Totals:         0      68       0       0       0       0       0       0       0       0       0       0       0       0       0       0       0
Total ram usage:       68 bytes
 Hardware stack levels used:    1
 Hardware stack levels required when called:    8
 This function calls:
		___awdiv
		___awmod
		___fladd
		___fldiv
		___fleq
		___flge
		___flmul
		___flneg
		___flsub
		___fltol
		___fpclassifyf
		_floorf
		_isupper
		_pad
		_strcpy
		_tolower
 This function is called by:
		_vfpfcnvrt
 This function uses a non-reentrant model


 *************** function _tolower *****************
 Defined at:
		line 4 in file "C:\Program Files (x86)\Microchip\xc8\v2.05\pic\sources\c99\common\tolower.c"
 Parameters:    Size  Location     Type
  c               2   24[COMRAM] int 
 Auto vars:     Size  Location     Type
		None
 Return value:  Size  Location     Type
                  2   24[COMRAM] int 
 Registers used:
		wreg, status,2, status,0
 Tracked objects:
		On entry : 
		On exit  : 
		Unchanged: 
 Data sizes:     COMRAM   BANK0   BANK1   BANK2   BANK3   BANK4   BANK5   BANK6   BANK7   BANK8   BANK9  BANK10  BANK11  BANK12  BANK13  BANK14  BANK15
      Params:         2       0       0       0       0       0       0       0       0       0       0       0       0       0       0       0       0
      Locals:         2       0       0       0       0       0       0       0       0       0       0       0       0       0       0       0       0
      Temps:          4       0       0       0       0       0       0       0       0       0       0       0       0       0       0       0       0
      Totals:         8       0       0       0       0       0       0       0       0       0       0       0       0       0       0       0       0
Total ram usage:        8 bytes
 Hardware stack levels used:    1
 Hardware stack levels required when called:    5
 This function calls:
		_isupper
 This function is called by:
		_efgtoa
		_vfpfcnvrt
 This function uses a non-reentrant model


 *************** function _isupper *****************
 Defined at:
		line 5 in file "C:\Program Files (x86)\Microchip\xc8\v2.05\pic\sources\c99\common\isupper.c"
 Parameters:    Size  Location     Type
  c               2   18[COMRAM] int 
 Auto vars:     Size  Location     Type
		None
 Return value:  Size  Location     Type
                  2   18[COMRAM] int 
 Registers used:
		wreg, status,2, status,0
 Tracked objects:
		On entry : 
		On exit  : 
		Unchanged: 
 Data sizes:     COMRAM   BANK0   BANK1   BANK2   BANK3   BANK4   BANK5   BANK6   BANK7   BANK8   BANK9  BANK10  BANK11  BANK12  BANK13  BANK14  BANK15
      Params:         2       0       0       0       0       0       0       0       0       0       0       0       0       0       0       0       0
      Locals:         0       0       0       0       0       0       0       0       0       0       0       0       0       0       0       0       0
      Temps:          4       0       0       0       0       0       0       0       0       0       0       0       0       0       0       0       0
      Totals:         6       0       0       0       0       0       0       0       0       0       0       0       0       0       0       0       0
Total ram usage:        6 bytes
 Hardware stack levels used:    1
 Hardware stack levels required when called:    4
 This function calls:
		Nothing
 This function is called by:
		_efgtoa
		_vfpfcnvrt
		_tolower
 This function uses a non-reentrant model


 *************** function _pad *****************
 Defined at:
		line 72 in file "C:\Program Files (x86)\Microchip\xc8\v2.05\pic\sources\c99\common\doprnt.c"
 Parameters:    Size  Location     Type
  fp              2   34[COMRAM] PTR struct _IO_FILE
		 -> sprintf@f(6), 
  buf             2   36[COMRAM] PTR unsigned char 
		 -> dbuf(80), 
  p               2   38[COMRAM] int 
 Auto vars:     Size  Location     Type
  w               2   43[COMRAM] int 
  i               2   41[COMRAM] int 
 Return value:  Size  Location     Type
                  2   34[COMRAM] int 
 Registers used:
		wreg, fsr1l, fsr1h, fsr2l, fsr2h, status,2, status,0, cstack
 Tracked objects:
		On entry : 
		On exit  : 
		Unchanged: 
 Data sizes:     COMRAM   BANK0   BANK1   BANK2   BANK3   BANK4   BANK5   BANK6   BANK7   BANK8   BANK9  BANK10  BANK11  BANK12  BANK13  BANK14  BANK15
      Params:         6       0       0       0       0       0       0       0       0       0       0       0       0       0       0       0       0
      Locals:         4       0       0       0       0       0       0       0       0       0       0       0       0       0       0       0       0
      Temps:          1       0       0       0       0       0       0       0       0       0       0       0       0       0       0       0       0
      Totals:        11       0       0       0       0       0       0       0       0       0       0       0       0       0       0       0       0
Total ram usage:       11 bytes
 Hardware stack levels used:    1
 Hardware stack levels required when called:    7
 This function calls:
		_fputc
		_fputs
		_strlen
 This function is called by:
		_efgtoa
 This function uses a non-reentrant model


 *************** function _strlen *****************
 Defined at:
		line 12 in file "C:\Program Files (x86)\Microchip\xc8\v2.05\pic\sources\c99\common\strlen.c"
 Parameters:    Size  Location     Type
  s               2   18[COMRAM] PTR const unsigned char 
		 -> dbuf(80), 
 Auto vars:     Size  Location     Type
  a               2   20[COMRAM] PTR const unsigned char 
		 -> dbuf(80), 
 Return value:  Size  Location     Type
                  2   18[COMRAM] unsigned int 
 Registers used:
		wreg, fsr2l, fsr2h, status,2, status,0
 Tracked objects:
		On entry : 
		On exit  : 
		Unchanged: 
 Data sizes:     COMRAM   BANK0   BANK1   BANK2   BANK3   BANK4   BANK5   BANK6   BANK7   BANK8   BANK9  BANK10  BANK11  BANK12  BANK13  BANK14  BANK15
      Params:         2       0       0       0       0       0       0       0       0       0       0       0       0       0       0       0       0
      Locals:         2       0       0       0       0       0       0       0       0       0       0       0       0       0       0       0       0
      Temps:          0       0       0       0       0       0       0       0       0       0       0       0       0       0       0       0       0
      Totals:         4       0       0       0       0       0       0       0       0       0       0       0       0       0       0       0       0
Total ram usage:        4 bytes
 Hardware stack levels used:    1
 Hardware stack levels required when called:    4
 This function calls:
		Nothing
 This function is called by:
		_pad
 This function uses a non-reentrant model


 *************** function _fputs *****************
 Defined at:
		line 8 in file "C:\Program Files (x86)\Microchip\xc8\v2.05\pic\sources\c99\common\nf_fputs.c"
 Parameters:    Size  Location     Type
  s               2   27[COMRAM] PTR const unsigned char 
		 -> dbuf(80), 
  fp              2   29[COMRAM] PTR struct _IO_FILE
		 -> sprintf@f(6), 
 Auto vars:     Size  Location     Type
  i               2   32[COMRAM] int 
  c               1   31[COMRAM] unsigned char 
 Return value:  Size  Location     Type
                  2   27[COMRAM] int 
 Registers used:
		wreg, fsr1l, fsr1h, fsr2l, fsr2h, status,2, status,0, cstack
 Tracked objects:
		On entry : 
		On exit  : 
		Unchanged: 
 Data sizes:     COMRAM   BANK0   BANK1   BANK2   BANK3   BANK4   BANK5   BANK6   BANK7   BANK8   BANK9  BANK10  BANK11  BANK12  BANK13  BANK14  BANK15
      Params:         4       0       0       0       0       0       0       0       0       0       0       0       0       0       0       0       0
      Locals:         3       0       0       0       0       0       0       0       0       0       0       0       0       0       0       0       0
      Temps:          0       0       0       0       0       0       0       0       0       0       0       0       0       0       0       0       0
      Totals:         7       0       0       0       0       0       0       0       0       0       0       0       0       0       0       0       0
Total ram usage:        7 bytes
 Hardware stack levels used:    1
 Hardware stack levels required when called:    6
 This function calls:
		_fputc
 This function is called by:
		_pad
 This function uses a non-reentrant model


 *************** function _fputc *****************
 Defined at:
		line 8 in file "C:\Program Files (x86)\Microchip\xc8\v2.05\pic\sources\c99\common\nf_fputc.c"
 Parameters:    Size  Location     Type
  c               2   18[COMRAM] int 
  fp              2   20[COMRAM] PTR struct _IO_FILE
		 -> sprintf@f(6), 
 Auto vars:     Size  Location     Type
		None
 Return value:  Size  Location     Type
                  2   18[COMRAM] int 
 Registers used:
		wreg, fsr1l, fsr1h, fsr2l, fsr2h, status,2, status,0, cstack
 Tracked objects:
		On entry : 
		On exit  : 
		Unchanged: 
 Data sizes:     COMRAM   BANK0   BANK1   BANK2   BANK3   BANK4   BANK5   BANK6   BANK7   BANK8   BANK9  BANK10  BANK11  BANK12  BANK13  BANK14  BANK15
      Params:         4       0       0       0       0       0       0       0       0       0       0       0       0       0       0       0       0
      Locals:         0       0       0       0       0       0       0       0       0       0       0       0       0       0       0       0       0
      Temps:          5       0       0       0       0       0       0       0       0       0       0       0       0       0       0       0       0
      Totals:         9       0       0       0       0       0       0       0       0       0       0       0       0       0       0       0       0
Total ram usage:        9 bytes
 Hardware stack levels used:    1
 Hardware stack levels required when called:    5
 This function calls:
		_putch
 This function is called by:
		_pad
		_vfpfcnvrt
		_fputs
 This function uses a non-reentrant model


 *************** function _putch *****************
 Defined at:
		line 7 in file "C:\Program Files (x86)\Microchip\xc8\v2.05\pic\sources\c99\common\putch.c"
 Parameters:    Size  Location     Type
  c               1    wreg     unsigned char 
 Auto vars:     Size  Location     Type
  c               1    0[COMRAM] unsigned char 
 Return value:  Size  Location     Type
                  1    wreg      void 
 Registers used:
		wreg
 Tracked objects:
		On entry : 
		On exit  : 
		Unchanged: 
 Data sizes:     COMRAM   BANK0   BANK1   BANK2   BANK3   BANK4   BANK5   BANK6   BANK7   BANK8   BANK9  BANK10  BANK11  BANK12  BANK13  BANK14  BANK15
      Params:         0       0       0       0       0       0       0       0       0       0       0       0       0       0       0       0       0
      Locals:         0       0       0       0       0       0       0       0       0       0       0       0       0       0       0       0       0
      Temps:          0       0       0       0       0       0       0       0       0       0       0       0       0       0       0       0       0
      Totals:         0       0       0       0       0       0       0       0       0       0       0       0       0       0       0       0       0
Total ram usage:        0 bytes
 Hardware stack levels used:    1
 Hardware stack levels required when called:    4
 This function calls:
		Nothing
 This function is called by:
		_fputc
 This function uses a non-reentrant model


 *************** function _floorf *****************
 Defined at:
		line 3 in file "C:\Program Files (x86)\Microchip\xc8\v2.05\pic\sources\c99\common\floorf.c"
 Parameters:    Size  Location     Type
  x               4   43[COMRAM] float 
 Auto vars:     Size  Location     Type
  u               4    6[BANK0 ] struct .
  m               4    0[BANK0 ] unsigned long 
  e               2    4[BANK0 ] int 
 Return value:  Size  Location     Type
                  4   43[COMRAM] float 
 Registers used:
		wreg, status,2, status,0
 Tracked objects:
		On entry : 
		On exit  : 
		Unchanged: 
 Data sizes:     COMRAM   BANK0   BANK1   BANK2   BANK3   BANK4   BANK5   BANK6   BANK7   BANK8   BANK9  BANK10  BANK11  BANK12  BANK13  BANK14  BANK15
      Params:         4       0       0       0       0       0       0       0       0       0       0       0       0       0       0       0       0
      Locals:         0      10       0       0       0       0       0       0       0       0       0       0       0       0       0       0       0
      Temps:          6       0       0       0       0       0       0       0       0       0       0       0       0       0       0       0       0
      Totals:        10      10       0       0       0       0       0       0       0       0       0       0       0       0       0       0       0
Total ram usage:       20 bytes
 Hardware stack levels used:    1
 Hardware stack levels required when called:    4
 This function calls:
		Nothing
 This function is called by:
		_efgtoa
 This function uses a non-reentrant model


 *************** function ___fpclassifyf *****************
 Defined at:
		line 4 in file "C:\Program Files (x86)\Microchip\xc8\v2.05\pic\sources\c99\common\__fpclassifyf.c"
 Parameters:    Size  Location     Type
  x               4   18[COMRAM] float 
 Auto vars:     Size  Location     Type
  u               4   28[COMRAM] struct .
  e               2   26[COMRAM] int 
 Return value:  Size  Location     Type
                  2   18[COMRAM] int 
 Registers used:
		wreg, status,2, status,0
 Tracked objects:
		On entry : 
		On exit  : 
		Unchanged: 
 Data sizes:     COMRAM   BANK0   BANK1   BANK2   BANK3   BANK4   BANK5   BANK6   BANK7   BANK8   BANK9  BANK10  BANK11  BANK12  BANK13  BANK14  BANK15
      Params:         4       0       0       0       0       0       0       0       0       0       0       0       0       0       0       0       0
      Locals:         6       0       0       0       0       0       0       0       0       0       0       0       0       0       0       0       0
[...]
      Params:         4       0       0       0       0       0       0       0       0       0       0       0       0       0       0       0       0
      Locals:         4       0       0       0       0       0       0       0       0       0       0       0       0       0       0       0       0
      Temps:          2       0       0       0       0       0       0       0       0       0       0       0       0       0       0       0       0
      Totals:        10       0       0       0       0       0       0       0       0       0       0       0       0       0       0       0       0
Total ram usage:       10 bytes
 Hardware stack levels used:    1
 Hardware stack levels required when called:    4
 This function calls:
		Nothing
 This function is called by:
		_DisplayC
		_efgtoa
 This function uses a non-reentrant model


 *************** function _DisplayV *****************
 Defined at:
		line 110 in file "LCDroutinesEasyPic.c"
 Parameters:    Size  Location     Type
  LCDStr          2   18[COMRAM] PTR const unsigned char 
		 -> DisplayC@temp(10), 
 Auto vars:     Size  Location     Type
  count           1   21[COMRAM] unsigned char 
  nibble          1   20[COMRAM] unsigned char 
 Return value:  Size  Location     Type
                  1    wreg      void 
 Registers used:
		wreg, fsr2l, fsr2h, status,2, status,0
 Tracked objects:
		On entry : 
		On exit  : 
		Unchanged: 
 Data sizes:     COMRAM   BANK0   BANK1   BANK2   BANK3   BANK4   BANK5   BANK6   BANK7   BANK8   BANK9  BANK10  BANK11  BANK12  BANK13  BANK14  BANK15
      Params:         2       0       0       0       0       0       0       0       0       0       0       0       0       0       0       0       0
      Locals:         2       0       0       0       0       0       0       0       0       0       0       0       0       0       0       0       0
      Temps:          0       0       0       0       0       0       0       0       0       0       0       0       0       0       0       0       0
      Totals:         4       0       0       0       0       0       0       0       0       0       0       0       0       0       0       0       0
Total ram usage:        4 bytes
 Hardware stack levels used:    1
 Hardware stack levels required when called:    4
 This function calls:
		Nothing
 This function is called by:
		_DisplayC
 This function uses a non-reentrant model


 *************** function _LoPriISR *****************
 Defined at:
		line 306 in file "Trozinski_Herrin_Lab6.c"
 Parameters:    Size  Location     Type
		None
 Auto vars:     Size  Location     Type
		None
 Return value:  Size  Location     Type
                  1    wreg      void 
 Registers used:
		wreg, fsr2l, fsr2h, status,2, status,0, cstack
 Tracked objects:
		On entry : 
		On exit  : 
		Unchanged: 
 Data sizes:     COMRAM   BANK0   BANK1   BANK2   BANK3   BANK4   BANK5   BANK6   BANK7   BANK8   BANK9  BANK10  BANK11  BANK12  BANK13  BANK14  BANK15
      Params:         0       0       0       0       0       0       0       0       0       0       0       0       0       0       0       0       0
      Locals:         0       0       0       0       0       0       0       0       0       0       0       0       0       0       0       0       0
      Temps:          5       0       0       0       0       0       0       0       0       0       0       0       0       0       0       0       0
      Totals:         5       0       0       0       0       0       0       0       0       0       0       0       0       0       0       0       0
Total ram usage:        5 bytes
 Hardware stack levels used:    1
 Hardware stack levels required when called:    3
 This function calls:
		_SPItransmission
		_TMR0handler
		_receive
 This function is called by:
		Interrupt level 1
 This function uses a non-reentrant model


 *************** function _receive *****************
 Defined at:
		line 522 in file "Trozinski_Herrin_Lab6.c"
 Parameters:    Size  Location     Type
		None
 Auto vars:     Size  Location     Type
		None
 Return value:  Size  Location     Type
                  1    wreg      void 
 Registers used:
		wreg, fsr2l, fsr2h, status,2, status,0, cstack
 Tracked objects:
		On entry : 
		On exit  : 
		Unchanged: 
 Data sizes:     COMRAM   BANK0   BANK1   BANK2   BANK3   BANK4   BANK5   BANK6   BANK7   BANK8   BANK9  BANK10  BANK11  BANK12  BANK13  BANK14  BANK15
      Params:         0       0       0       0       0       0       0       0       0       0       0       0       0       0       0       0       0
      Locals:         0       0       0       0       0       0       0       0       0       0       0       0       0       0       0       0       0
      Temps:          1       0       0       0       0       0       0       0       0       0       0       0       0       0       0       0       0
      Totals:         1       0       0       0       0       0       0       0       0       0       0       0       0       0       0       0       0
Total ram usage:        1 bytes
 Hardware stack levels used:    1
 Hardware stack levels required when called:    2
 This function calls:
		i1_memset
 This function is called by:
		_LoPriISR
 This function uses a non-reentrant model


 *************** function i1_memset *****************
 Defined at:
		line 4 in file "C:\Program Files (x86)\Microchip\xc8\v2.05\pic\sources\c99\common\memset.c"
 Parameters:    Size  Location     Type
  dest            2    0[COMRAM] PTR void 
		 -> RBuffer(20), TBuffer(20), 
  c               2    2[COMRAM] int 
  n               2    4[COMRAM] unsigned int 
 Auto vars:     Size  Location     Type
  memset          2   10[COMRAM] PTR unsigned char 
		 -> RBuffer(20), TBuffer(20), 
  memset          2    8[COMRAM] unsigned int 
 Return value:  Size  Location     Type
                  2    0[COMRAM] PTR void 
 Registers used:
		wreg, fsr2l, fsr2h, status,2, status,0
 Tracked objects:
		On entry : 
		On exit  : 
		Unchanged: 
 Data sizes:     COMRAM   BANK0   BANK1   BANK2   BANK3   BANK4   BANK5   BANK6   BANK7   BANK8   BANK9  BANK10  BANK11  BANK12  BANK13  BANK14  BANK15
      Params:         6       0       0       0       0       0       0       0       0       0       0       0       0       0       0       0       0
      Locals:         4       0       0       0       0       0       0       0       0       0       0       0       0       0       0       0       0
      Temps:          2       0       0       0       0       0       0       0       0       0       0       0       0       0       0       0       0
      Totals:        12       0       0       0       0       0       0       0       0       0       0       0       0       0       0       0       0
Total ram usage:       12 bytes
 Hardware stack levels used:    1
 Hardware stack levels required when called:    1
 This function calls:
		Nothing
 This function is called by:
		_receive
 This function uses a non-reentrant model


 *************** function _TMR0handler *****************
 Defined at:
		line 342 in file "Trozinski_Herrin_Lab6.c"
 Parameters:    Size  Location     Type
		None
 Auto vars:     Size  Location     Type
		None
 Return value:  Size  Location     Type
                  1    wreg      void 
 Registers used:
		wreg, status,2, status,0, cstack
 Tracked objects:
		On entry : 
		On exit  : 
		Unchanged: 
 Data sizes:     COMRAM   BANK0   BANK1   BANK2   BANK3   BANK4   BANK5   BANK6   BANK7   BANK8   BANK9  BANK10  BANK11  BANK12  BANK13  BANK14  BANK15
      Params:         0       0       0       0       0       0       0       0       0       0       0       0       0       0       0       0       0
      Locals:         0       0       0       0       0       0       0       0       0       0       0       0       0       0       0       0       0
      Temps:          0       0       0       0       0       0       0       0       0       0       0       0       0       0       0       0       0
      Totals:         0       0       0       0       0       0       0       0       0       0       0       0       0       0       0       0       0
Total ram usage:        0 bytes
 Hardware stack levels used:    1
 Hardware stack levels required when called:    2
 This function calls:
		_LEDhandler
 This function is called by:
		_LoPriISR
 This function uses a non-reentrant model


 *************** function _LEDhandler *****************
 Defined at:
		line 404 in file "Trozinski_Herrin_Lab6.c"
 Parameters:    Size  Location     Type
		None
 Auto vars:     Size  Location     Type
		None
 Return value:  Size  Location     Type
                  1    wreg      void 
 Registers used:
		wreg, status,2, status,0
 Tracked objects:
		On entry : 
		On exit  : 
		Unchanged: 
 Data sizes:     COMRAM   BANK0   BANK1   BANK2   BANK3   BANK4   BANK5   BANK6   BANK7   BANK8   BANK9  BANK10  BANK11  BANK12  BANK13  BANK14  BANK15
      Params:         0       0       0       0       0       0       0       0       0       0       0       0       0       0       0       0       0
      Locals:         0       0       0       0       0       0       0       0       0       0       0       0       0       0       0       0       0
      Temps:          1       0       0       0       0       0       0       0       0       0       0       0       0       0       0       0       0
      Totals:         1       0       0       0       0       0       0       0       0       0       0       0       0       0       0       0       0
Total ram usage:        1 bytes
 Hardware stack levels used:    1
 Hardware stack levels required when called:    1
 This function calls:
		Nothing
 This function is called by:
		_TMR0handler
 This function uses a non-reentrant model


 *************** function _SPItransmission *****************
 Defined at:
		line 363 in file "Trozinski_Herrin_Lab6.c"
 Parameters:    Size  Location     Type
		None
 Auto vars:     Size  Location     Type
		None
 Return value:  Size  Location     Type
                  1    wreg      void 
 Registers used:
		wreg, status,2, status,0
 Tracked objects:
		On entry : 
		On exit  : 
		Unchanged: 
 Data sizes:     COMRAM   BANK0   BANK1   BANK2   BANK3   BANK4   BANK5   BANK6   BANK7   BANK8   BANK9  BANK10  BANK11  BANK12  BANK13  BANK14  BANK15
      Params:         0       0       0       0       0       0       0       0       0       0       0       0       0       0       0       0       0
      Locals:         0       0       0       0       0       0       0       0       0       0       0       0       0       0       0       0       0
      Temps:          0       0       0       0       0       0       0       0       0       0       0       0       0       0       0       0       0
      Totals:         0       0       0       0       0       0       0       0       0       0       0       0       0       0       0       0       0
Total ram usage:        0 bytes
 Hardware stack levels used:    1
 Hardware stack levels required when called:    1
 This function calls:
		Nothing
 This function is called by:
		_LoPriISR
 This function uses a non-reentrant model


 *************** function _HiPriISR *****************
 Defined at:
		line 294 in file "Trozinski_Herrin_Lab6.c"
 Parameters:    Size  Location     Type
		None
 Auto vars:     Size  Location     Type
		None
 Return value:  Size  Location     Type
                  1    wreg      void 
 Registers used:
		None
 Tracked objects:
		On entry : 
		On exit  : 
		Unchanged: 
 Data sizes:     COMRAM   BANK0   BANK1   BANK2   BANK3   BANK4   BANK5   BANK6   BANK7   BANK8   BANK9  BANK10  BANK11  BANK12  BANK13  BANK14  BANK15
      Params:         0       0       0       0       0       0       0       0       0       0       0       0       0       0       0       0       0
      Locals:         0       0       0       0       0       0       0       0       0       0       0       0       0       0       0       0       0
      Temps:          0       0       0       0       0       0       0       0       0       0       0       0       0       0       0       0       0
      Totals:         0       0       0       0       0       0       0       0       0       0       0       0       0       0       0       0       0
Total ram usage:        0 bytes
 Hardware stack levels used:    1
 This function calls:
		Nothing
 This function is called by:
		Interrupt level 2
 This function uses a non-reentrant model



MODULE INFORMATION

Module		Function		Class		Link	Load	Size
C:\Program Files (x86)\Microchip\xc8\v2.05\pic\sources\c99\common\awmod.c
		___awmod       		CODE           	39C0	0000	113

C:\Program Files (x86)\Microchip\xc8\v2.05\pic\sources\c99\common\awmod.c estimated size: 113

C:\Program Files (x86)\Microchip\xc8\v2.05\pic\sources\c99\common\__fpclassifyf.c
		___fpclassifyf 		CODE           	3136	0000	205

C:\Program Files (x86)\Microchip\xc8\v2.05\pic\sources\c99\common\__fpclassifyf.c estimated size: 205

C:\Program Files (x86)\Microchip\xc8\v2.05\pic\sources\c99\common\putch.c
		_putch         		CODE           	3E82	0000	3

C:\Program Files (x86)\Microchip\xc8\v2.05\pic\sources\c99\common\putch.c estimated size: 3

C:\Program Files (x86)\Microchip\xc8\v2.05\pic\sources\c99\common\floorf.c
		_floorf        		CODE           	2722	0000	443

C:\Program Files (x86)\Microchip\xc8\v2.05\pic\sources\c99\common\floorf.c estimated size: 443

C:\Program Files (x86)\Microchip\xc8\v2.05\pic\sources\c99\common\flge.c
		___flge        		CODE           	3064	0000	211

C:\Program Files (x86)\Microchip\xc8\v2.05\pic\sources\c99\common\flge.c estimated size: 211

C:\Program Files (x86)\Microchip\xc8\v2.05\pic\sources\c99\common\nf_fputc.c
		_fputc         		CODE           	3414	0000	161

C:\Program Files (x86)\Microchip\xc8\v2.05\pic\sources\c99\common\nf_fputc.c estimated size: 161

C:\Program Files (x86)\Microchip\xc8\v2.05\pic\sources\c99\common\xxtofl.c
		___xxtofl      		CODE           	2BBE	0000	321

C:\Program Files (x86)\Microchip\xc8\v2.05\pic\sources\c99\common\xxtofl.c estimated size: 321

C:\Program Files (x86)\Microchip\xc8\v2.05\pic\sources\c99\common\isupper.c
		_isupper       		CODE           	3D6C	0000	49

C:\Program Files (x86)\Microchip\xc8\v2.05\pic\sources\c99\common\isupper.c estimated size: 49

C:\Program Files (x86)\Microchip\xc8\v2.05\pic\sources\c99\common\strlen.c
		_strlen        		CODE           	3DFA	0000	43

C:\Program Files (x86)\Microchip\xc8\v2.05\pic\sources\c99\common\strlen.c estimated size: 43

C:\Program Files (x86)\Microchip\xc8\v2.05\pic\sources\c99\common\isspace.c
		_isspace       		CODE           	3C8A	0000	63

C:\Program Files (x86)\Microchip\xc8\v2.05\pic\sources\c99\common\isspace.c estimated size: 63

C:\Program Files (x86)\Microchip\xc8\v2.05\pic\sources\c99\common\strcpy.c
		_strcpy        		CODE           	3BA2	0000	85

C:\Program Files (x86)\Microchip\xc8\v2.05\pic\sources\c99\common\strcpy.c estimated size: 85

C:\Program Files (x86)\Microchip\xc8\v2.05\pic\sources\c99\common\awdiv.c
		___awdiv       		CODE           	36E8	0000	133

C:\Program Files (x86)\Microchip\xc8\v2.05\pic\sources\c99\common\awdiv.c estimated size: 133

C:\Program Files (x86)\Microchip\xc8\v2.05\pic\sources\c99\common\memset.c
		_memset        		CODE           	2CFE	0000	307

C:\Program Files (x86)\Microchip\xc8\v2.05\pic\sources\c99\common\memset.c estimated size: 307

C:\Program Files (x86)\Microchip\xc8\v2.05\pic\sources\c99\common\fltol.c
		___fltol       		CODE           	3202	0000	187

C:\Program Files (x86)\Microchip\xc8\v2.05\pic\sources\c99\common\fltol.c estimated size: 187

C:\Program Files (x86)\Microchip\xc8\v2.05\pic\sources\c99\common\tolower.c
		_tolower       		CODE           	3BF6	0000	77

C:\Program Files (x86)\Microchip\xc8\v2.05\pic\sources\c99\common\tolower.c estimated size: 77

C:\Program Files (x86)\Microchip\xc8\v2.05\pic\sources\c99\common\strncmp.c
		_strncmp       		CODE           	32BC	0000	175

C:\Program Files (x86)\Microchip\xc8\v2.05\pic\sources\c99\common\strncmp.c estimated size: 175

C:\Program Files (x86)\Microchip\xc8\v2.05\pic\sources\c99\common\sprcmul.c
		___flmul       		CODE           	1E3C	0000	851

C:\Program Files (x86)\Microchip\xc8\v2.05\pic\sources\c99\common\sprcmul.c estimated size: 851

C:\Program Files (x86)\Microchip\xc8\v2.05\pic\sources\c99\common\sprcdiv.c
		___fldiv       		CODE           	249A	0000	649

C:\Program Files (x86)\Microchip\xc8\v2.05\pic\sources\c99\common\sprcdiv.c estimated size: 649

C:\Program Files (x86)\Microchip\xc8\v2.05\pic\sources\c99\common\doprnt.c
		_vfpfcnvrt     		CODE           	19D4	0000	1129
		_efgtoa        		CODE           	1056	0000	2431
		_pad           		CODE           	34B4	0000	151
		_vfprintf      		CODE           	3AF4	0000	91

C:\Program Files (x86)\Microchip\xc8\v2.05\pic\sources\c99\common\doprnt.c estimated size: 3802

shared
		_LCDRow1       		SMALLCONST     	1001	0000	11
		_LCDInitStr_   		SMALLCONST     	100B	0000	8
		__initialization		CODE           	3664	0000	123
		i1_memset      		CODE           	2E30	0000	307

shared estimated size: 449

Trozinski_Herrin_Lab6.c
		_sample        		CODE           	3CC8	0000	59
		_SPItransmission		CODE           	376C	0000	127
		_volts         		CODE           	3866	0000	117
		_TMR0handler   		CODE           	3D3A	0000	51
		_main          		CODE           	3A30	0000	101
		_tempC         		CODE           	38DA	0000	117
		_Initial       		CODE           	2F62	0000	259
		_decoder       		CODE           	28DC	0000	399
		_receive       		CODE           	37EA	0000	125
		_LEDhandler    		CODE           	394E	0000	115
		_HiPriISR      		CODE           	0008	0000	11
		_LoPriISR      		CODE           	0018	0000	101
		_transmit      		CODE           	3A94	0000	97

Trozinski_Herrin_Lab6.c estimated size: 1679

C:\Program Files (x86)\Microchip\xc8\v2.05\pic\sources\c99\common\nf_sprintf.c
		_sprintf       		CODE           	3B4E	0000	85

C:\Program Files (x86)\Microchip\xc8\v2.05\pic\sources\c99\common\nf_sprintf.c estimated size: 85

C:\Program Files (x86)\Microchip\xc8\v2.05\pic\sources\c99\common\Umul16.c
		___wmul        		CODE           	3E24	0000	39

C:\Program Files (x86)\Microchip\xc8\v2.05\pic\sources\c99\common\Umul16.c estimated size: 39

C:\Program Files (x86)\Microchip\xc8\v2.05\pic\sources\c99\common\atoi.c
		_atoi          		CODE           	2A6A	0000	341

C:\Program Files (x86)\Microchip\xc8\v2.05\pic\sources\c99\common\atoi.c estimated size: 341

C:\Program Files (x86)\Microchip\xc8\v2.05\pic\sources\c99\common\fleq.c
		___fleq        		CODE           	35DA	0000	139

C:\Program Files (x86)\Microchip\xc8\v2.05\pic\sources\c99\common\fleq.c estimated size: 139

LCDroutinesEasyPic.c
		_InitLCD       		CODE           	336A	0000	171
		_DisplayC      		CODE           	3E4A	0000	35
		_DisplayV      		CODE           	354A	0000	145

LCDroutinesEasyPic.c estimated size: 351

C:\Program Files (x86)\Microchip\xc8\v2.05\pic\sources\c99\common\nf_fputs.c
		_fputs         		CODE           	3D02	0000	57

C:\Program Files (x86)\Microchip\xc8\v2.05\pic\sources\c99\common\nf_fputs.c estimated size: 57

C:\Program Files (x86)\Microchip\xc8\v2.05\pic\sources\c99\common\flneg.c
		___flneg       		CODE           	3DCC	0000	47

C:\Program Files (x86)\Microchip\xc8\v2.05\pic\sources\c99\common\flneg.c estimated size: 47

C:\Program Files (x86)\Microchip\xc8\v2.05\pic\sources\c99\common\isdigit.c
		_isdigit       		CODE           	3D9C	0000	49

C:\Program Files (x86)\Microchip\xc8\v2.05\pic\sources\c99\common\isdigit.c estimated size: 49

C:\Program Files (x86)\Microchip\xc8\v2.05\pic\sources\c99\common\sprcadd.c
		___flsub       		CODE           	3C42	0000	73
		___fladd       		CODE           	218E	0000	781

C:\Program Files (x86)\Microchip\xc8\v2.05\pic\sources\c99\common\sprcadd.c estimated size: 854

