MPLINK 5.09, LINKER
Linker Map File - Created Wed Oct 14 07:56:02 2020

                                 Section Info
                  Section       Type    Address   Location Size(Bytes)
                ---------  ---------  ---------  ---------  ---------
                   .org_0       code   0x000000    program   0x000006
                   .cinit    romdata   0x000006    program   0x000002
                   .org_1       code   0x000008    program   0x000004
                   .org_2       code   0x000018    program   0x00018a
.config_300000_BUILD/DEFAULT/PRODUCTION/_EXT/14    romdata   0x300000    program   0x000001
.config_300001_BUILD/DEFAULT/PRODUCTION/_EXT/14    romdata   0x300001    program   0x000001
.config_300002_BUILD/DEFAULT/PRODUCTION/_EXT/14    romdata   0x300002    program   0x000001
.config_300003_BUILD/DEFAULT/PRODUCTION/_EXT/14    romdata   0x300003    program   0x000001
.config_300005_BUILD/DEFAULT/PRODUCTION/_EXT/14    romdata   0x300005    program   0x000001



                              Program Memory Usage 
                               Start         End      
                           ---------   ---------      
                            0x000000    0x00000b      
                            0x000018    0x0001a1      
                            0x300000    0x300003      
                            0x300005    0x300005      
            411 out of 132120 program addresses used, program memory utilization is 0%



                              Symbols - Sorted by Name
                     Name    Address   Location    Storage File                     
                ---------  ---------  ---------  --------- ---------                
                   BYTE_1   0x00017a    program     static ..\lab4_example.asm      
               BlinkAlive   0x000128    program     static ..\lab4_example.asm      
              ByteDisplay   0x000146    program     static ..\lab4_example.asm      
                 DisplayC   0x0000c2    program     static ..\lab4_example.asm      
                 DisplayV   0x0000fa    program     static ..\lab4_example.asm      
                     END1   0x000134    program     static ..\lab4_example.asm      
                  InitLCD   0x000078    program     static ..\lab4_example.asm      
                  Initial   0x000030    program     static ..\lab4_example.asm      
                      L10   0x000154    program     static ..\lab4_example.asm      
                       L4   0x0000bc    program     static ..\lab4_example.asm      
                    LCDcl   0x000184    program     static ..\lab4_example.asm      
                     LCDs   0x000192    program     static ..\lab4_example.asm      
                    LCDs2   0x00019a    program     static ..\lab4_example.asm      
                   LCDstr   0x000172    program     static ..\lab4_example.asm      
                     Loop   0x00001e    program     static ..\lab4_example.asm      
                    Loop3   0x00007c    program     static ..\lab4_example.asm      
                    Loop4   0x00008e    program     static ..\lab4_example.asm      
                    Loop5   0x0000cc    program     static ..\lab4_example.asm      
                    Loop6   0x0000fc    program     static ..\lab4_example.asm      
                 Mainline   0x00001c    program     static ..\lab4_example.asm      
                      T50   0x0000b8    program     static ..\lab4_example.asm      
                 Wait10ms   0x000136    program     static ..\lab4_example.asm      
             _.org_1_0008   0x000008    program     static ..\lab4_example.asm      
             _.org_2_0018   0x000018    program     static ..\lab4_example.asm      



                              Symbols - Sorted by Address
                     Name    Address   Location    Storage File                     
                ---------  ---------  ---------  --------- ---------                
             _.org_1_0008   0x000008    program     static ..\lab4_example.asm      
             _.org_2_0018   0x000018    program     static ..\lab4_example.asm      
                 Mainline   0x00001c    program     static ..\lab4_example.asm      
                     Loop   0x00001e    program     static ..\lab4_example.asm      
                  Initial   0x000030    program     static ..\lab4_example.asm      
                  InitLCD   0x000078    program     static ..\lab4_example.asm      
                    Loop3   0x00007c    program     static ..\lab4_example.asm      
                    Loop4   0x00008e    program     static ..\lab4_example.asm      
                      T50   0x0000b8    program     static ..\lab4_example.asm      
                       L4   0x0000bc    program     static ..\lab4_example.asm      
                 DisplayC   0x0000c2    program     static ..\lab4_example.asm      
                    Loop5   0x0000cc    program     static ..\lab4_example.asm      
                 DisplayV   0x0000fa    program     static ..\lab4_example.asm      
                    Loop6   0x0000fc    program     static ..\lab4_example.asm      
               BlinkAlive   0x000128    program     static ..\lab4_example.asm      
                     END1   0x000134    program     static ..\lab4_example.asm      
                 Wait10ms   0x000136    program     static ..\lab4_example.asm      
              ByteDisplay   0x000146    program     static ..\lab4_example.asm      
                      L10   0x000154    program     static ..\lab4_example.asm      
                   LCDstr   0x000172    program     static ..\lab4_example.asm      
                   BYTE_1   0x00017a    program     static ..\lab4_example.asm      
                    LCDcl   0x000184    program     static ..\lab4_example.asm      
                     LCDs   0x000192    program     static ..\lab4_example.asm      
                    LCDs2   0x00019a    program     static ..\lab4_example.asm      


